Archive member included to satisfy reference by file (symbol)

e:/stm32/stm32cubeide_1.7.0/stm32cubeide/plugins/com.st.stm32cube.ide.mcu.externaltools.gnu-tools-for-stm32.9-2020-q2-update.win32_2.0.0.202105311346/tools/bin/../lib/gcc/arm-none-eabi/9.3.1/../../../../arm-none-eabi/lib/thumb/v7e-m+fp/hard\libc_nano.a(lib_a-atoi.o)
                              ./Core/Src/clock.o (atoi)
e:/stm32/stm32cubeide_1.7.0/stm32cubeide/plugins/com.st.stm32cube.ide.mcu.externaltools.gnu-tools-for-stm32.9-2020-q2-update.win32_2.0.0.202105311346/tools/bin/../lib/gcc/arm-none-eabi/9.3.1/../../../../arm-none-eabi/lib/thumb/v7e-m+fp/hard\libc_nano.a(lib_a-errno.o)
                              ./Core/Src/syscalls.o (__errno)
e:/stm32/stm32cubeide_1.7.0/stm32cubeide/plugins/com.st.stm32cube.ide.mcu.externaltools.gnu-tools-for-stm32.9-2020-q2-update.win32_2.0.0.202105311346/tools/bin/../lib/gcc/arm-none-eabi/9.3.1/../../../../arm-none-eabi/lib/thumb/v7e-m+fp/hard\libc_nano.a(lib_a-exit.o)
                              e:/stm32/stm32cubeide_1.7.0/stm32cubeide/plugins/com.st.stm32cube.ide.mcu.externaltools.gnu-tools-for-stm32.9-2020-q2-update.win32_2.0.0.202105311346/tools/bin/../lib/gcc/arm-none-eabi/9.3.1/../../../../arm-none-eabi/lib/thumb/v7e-m+fp/hard/crt0.o (exit)
e:/stm32/stm32cubeide_1.7.0/stm32cubeide/plugins/com.st.stm32cube.ide.mcu.externaltools.gnu-tools-for-stm32.9-2020-q2-update.win32_2.0.0.202105311346/tools/bin/../lib/gcc/arm-none-eabi/9.3.1/../../../../arm-none-eabi/lib/thumb/v7e-m+fp/hard\libc_nano.a(lib_a-impure.o)
                              e:/stm32/stm32cubeide_1.7.0/stm32cubeide/plugins/com.st.stm32cube.ide.mcu.externaltools.gnu-tools-for-stm32.9-2020-q2-update.win32_2.0.0.202105311346/tools/bin/../lib/gcc/arm-none-eabi/9.3.1/../../../../arm-none-eabi/lib/thumb/v7e-m+fp/hard\libc_nano.a(lib_a-exit.o) (_global_impure_ptr)
e:/stm32/stm32cubeide_1.7.0/stm32cubeide/plugins/com.st.stm32cube.ide.mcu.externaltools.gnu-tools-for-stm32.9-2020-q2-update.win32_2.0.0.202105311346/tools/bin/../lib/gcc/arm-none-eabi/9.3.1/../../../../arm-none-eabi/lib/thumb/v7e-m+fp/hard\libc_nano.a(lib_a-init.o)
                              e:/stm32/stm32cubeide_1.7.0/stm32cubeide/plugins/com.st.stm32cube.ide.mcu.externaltools.gnu-tools-for-stm32.9-2020-q2-update.win32_2.0.0.202105311346/tools/bin/../lib/gcc/arm-none-eabi/9.3.1/../../../../arm-none-eabi/lib/thumb/v7e-m+fp/hard/crt0.o (__libc_init_array)
e:/stm32/stm32cubeide_1.7.0/stm32cubeide/plugins/com.st.stm32cube.ide.mcu.externaltools.gnu-tools-for-stm32.9-2020-q2-update.win32_2.0.0.202105311346/tools/bin/../lib/gcc/arm-none-eabi/9.3.1/../../../../arm-none-eabi/lib/thumb/v7e-m+fp/hard\libc_nano.a(lib_a-malloc.o)
                              ./Core/Src/clock.o (malloc)
e:/stm32/stm32cubeide_1.7.0/stm32cubeide/plugins/com.st.stm32cube.ide.mcu.externaltools.gnu-tools-for-stm32.9-2020-q2-update.win32_2.0.0.202105311346/tools/bin/../lib/gcc/arm-none-eabi/9.3.1/../../../../arm-none-eabi/lib/thumb/v7e-m+fp/hard\libc_nano.a(lib_a-memset.o)
                              e:/stm32/stm32cubeide_1.7.0/stm32cubeide/plugins/com.st.stm32cube.ide.mcu.externaltools.gnu-tools-for-stm32.9-2020-q2-update.win32_2.0.0.202105311346/tools/bin/../lib/gcc/arm-none-eabi/9.3.1/../../../../arm-none-eabi/lib/thumb/v7e-m+fp/hard/crt0.o (memset)
e:/stm32/stm32cubeide_1.7.0/stm32cubeide/plugins/com.st.stm32cube.ide.mcu.externaltools.gnu-tools-for-stm32.9-2020-q2-update.win32_2.0.0.202105311346/tools/bin/../lib/gcc/arm-none-eabi/9.3.1/../../../../arm-none-eabi/lib/thumb/v7e-m+fp/hard\libc_nano.a(lib_a-nano-freer.o)
                              e:/stm32/stm32cubeide_1.7.0/stm32cubeide/plugins/com.st.stm32cube.ide.mcu.externaltools.gnu-tools-for-stm32.9-2020-q2-update.win32_2.0.0.202105311346/tools/bin/../lib/gcc/arm-none-eabi/9.3.1/../../../../arm-none-eabi/lib/thumb/v7e-m+fp/hard\libc_nano.a(lib_a-malloc.o) (_free_r)
e:/stm32/stm32cubeide_1.7.0/stm32cubeide/plugins/com.st.stm32cube.ide.mcu.externaltools.gnu-tools-for-stm32.9-2020-q2-update.win32_2.0.0.202105311346/tools/bin/../lib/gcc/arm-none-eabi/9.3.1/../../../../arm-none-eabi/lib/thumb/v7e-m+fp/hard\libc_nano.a(lib_a-nano-mallocr.o)
                              e:/stm32/stm32cubeide_1.7.0/stm32cubeide/plugins/com.st.stm32cube.ide.mcu.externaltools.gnu-tools-for-stm32.9-2020-q2-update.win32_2.0.0.202105311346/tools/bin/../lib/gcc/arm-none-eabi/9.3.1/../../../../arm-none-eabi/lib/thumb/v7e-m+fp/hard\libc_nano.a(lib_a-malloc.o) (_malloc_r)
e:/stm32/stm32cubeide_1.7.0/stm32cubeide/plugins/com.st.stm32cube.ide.mcu.externaltools.gnu-tools-for-stm32.9-2020-q2-update.win32_2.0.0.202105311346/tools/bin/../lib/gcc/arm-none-eabi/9.3.1/../../../../arm-none-eabi/lib/thumb/v7e-m+fp/hard\libc_nano.a(lib_a-sbrkr.o)
[...]
Memory Configuration

Name             Origin             Length             Attributes
CCMRAM           0x0000000010000000 0x0000000000010000 xrw
RAM              0x0000000020000000 0x0000000000020000 xrw
FLASH            0x0000000008000000 0x0000000000100000 xr
*default*        0x0000000000000000 0xffffffffffffffff

Linker script and memory map

LOAD e:/stm32/stm32cubeide_1.7.0/stm32cubeide/plugins/com.st.stm32cube.ide.mcu.externaltools.gnu-tools-for-stm32.9-2020-q2-update.win32_2.0.0.202105311346/tools/bin/../lib/gcc/arm-none-eabi/9.3.1/thumb/v7e-m+fp/hard/crti.o
LOAD e:/stm32/stm32cubeide_1.7.0/stm32cubeide/plugins/com.st.stm32cube.ide.mcu.externaltools.gnu-tools-for-stm32.9-2020-q2-update.win32_2.0.0.202105311346/tools/bin/../lib/gcc/arm-none-eabi/9.3.1/thumb/v7e-m+fp/hard/crtbegin.o
LOAD e:/stm32/stm32cubeide_1.7.0/stm32cubeide/plugins/com.st.stm32cube.ide.mcu.externaltools.gnu-tools-for-stm32.9-2020-q2-update.win32_2.0.0.202105311346/tools/bin/../lib/gcc/arm-none-eabi/9.3.1/../../../../arm-none-eabi/lib/thumb/v7e-m+fp/hard/crt0.o
LOAD ./Core/Src/buffer.o
LOAD ./Core/Src/button.o
LOAD ./Core/Src/clock.o
LOAD ./Core/Src/ds3231.o
LOAD ./Core/Src/lcd.o
LOAD ./Core/Src/led7seg.o
LOAD ./Core/Src/main.o
LOAD ./Core/Src/picture.o
LOAD ./Core/Src/software_timer.o
LOAD ./Core/Src/stm32f4xx_hal_msp.o
LOAD ./Core/Src/stm32f4xx_it.o
LOAD ./Core/Src/syscalls.o
LOAD ./Core/Src/sysmem.o
LOAD ./Core/Src/system_stm32f4xx.o
LOAD ./Core/Src/uart .o
LOAD ./Core/Src/utils.o
LOAD ./Core/Startup/startup_stm32f407zgtx.o
LOAD ./Drivers/STM32F4xx_HAL_Driver/Src/stm32f4xx_hal.o
LOAD ./Drivers/STM32F4xx_HAL_Driver/Src/stm32f4xx_hal_cortex.o
LOAD ./Drivers/STM32F4xx_HAL_Driver/Src/stm32f4xx_hal_dma.o
LOAD ./Drivers/STM32F4xx_HAL_Driver/Src/stm32f4xx_hal_dma_ex.o
LOAD ./Drivers/STM32F4xx_HAL_Driver/Src/stm32f4xx_hal_exti.o
LOAD ./Drivers/STM32F4xx_HAL_Driver/Src/stm32f4xx_hal_flash.o
LOAD ./Drivers/STM32F4xx_HAL_Driver/Src/stm32f4xx_hal_flash_ex.o
LOAD ./Drivers/STM32F4xx_HAL_Driver/Src/stm32f4xx_hal_flash_ramfunc.o
LOAD ./Drivers/STM32F4xx_HAL_Driver/Src/stm32f4xx_hal_gpio.o
LOAD ./Drivers/STM32F4xx_HAL_Driver/Src/stm32f4xx_hal_i2c.o
LOAD ./Drivers/STM32F4xx_HAL_Driver/Src/stm32f4xx_hal_i2c_ex.o
LOAD ./Drivers/STM32F4xx_HAL_Driver/Src/stm32f4xx_hal_pwr.o
LOAD ./Drivers/STM32F4xx_HAL_Driver/Src/stm32f4xx_hal_pwr_ex.o
LOAD ./Drivers/STM32F4xx_HAL_Driver/Src/stm32f4xx_hal_rcc.o
LOAD ./Drivers/STM32F4xx_HAL_Driver/Src/stm32f4xx_hal_rcc_ex.o
LOAD ./Drivers/STM32F4xx_HAL_Driver/Src/stm32f4xx_hal_spi.o
LOAD ./Drivers/STM32F4xx_HAL_Driver/Src/stm32f4xx_hal_sram.o
LOAD ./Drivers/STM32F4xx_HAL_Driver/Src/stm32f4xx_hal_tim.o
LOAD ./Drivers/STM32F4xx_HAL_Driver/Src/stm32f4xx_hal_tim_ex.o
LOAD ./Drivers/STM32F4xx_HAL_Driver/Src/stm32f4xx_hal_uart.o
LOAD ./Drivers/STM32F4xx_HAL_Driver/Src/stm32f4xx_ll_fsmc.o
START GROUP
LOAD e:/stm32/stm32cubeide_1.7.0/stm32cubeide/plugins/com.st.stm32cube.ide.mcu.externaltools.gnu-tools-for-stm32.9-2020-q2-update.win32_2.0.0.202105311346/tools/bin/../lib/gcc/arm-none-eabi/9.3.1/../../../../arm-none-eabi/lib/thumb/v7e-m+fp/hard\libc_nano.a
LOAD e:/stm32/stm32cubeide_1.7.0/stm32cubeide/plugins/com.st.stm32cube.ide.mcu.externaltools.gnu-tools-for-stm32.9-2020-q2-update.win32_2.0.0.202105311346/tools/bin/../lib/gcc/arm-none-eabi/9.3.1/../../../../arm-none-eabi/lib/thumb/v7e-m+fp/hard\libm.a
END GROUP
START GROUP
LOAD e:/stm32/stm32cubeide_1.7.0/stm32cubeide/plugins/com.st.stm32cube.ide.mcu.externaltools.gnu-tools-for-stm32.9-2020-q2-update.win32_2.0.0.202105311346/tools/bin/../lib/gcc/arm-none-eabi/9.3.1/thumb/v7e-m+fp/hard\libgcc.a
LOAD e:/stm32/stm32cubeide_1.7.0/stm32cubeide/plugins/com.st.stm32cube.ide.mcu.externaltools.gnu-tools-for-stm32.9-2020-q2-update.win32_2.0.0.202105311346/tools/bin/../lib/gcc/arm-none-eabi/9.3.1/../../../../arm-none-eabi/lib/thumb/v7e-m+fp/hard\libc_nano.a
END GROUP
START GROUP
LOAD e:/stm32/stm32cubeide_1.7.0/stm32cubeide/plugins/com.st.stm32cube.ide.mcu.externaltools.gnu-tools-for-stm32.9-2020-q2-update.win32_2.0.0.202105311346/tools/bin/../lib/gcc/arm-none-eabi/9.3.1/thumb/v7e-m+fp/hard\libgcc.a
LOAD e:/stm32/stm32cubeide_1.7.0/stm32cubeide/plugins/com.st.stm32cube.ide.mcu.externaltools.gnu-tools-for-stm32.9-2020-q2-update.win32_2.0.0.202105311346/tools/bin/../lib/gcc/arm-none-eabi/9.3.1/../../../../arm-none-eabi/lib/thumb/v7e-m+fp/hard\libc_nano.a
LOAD e:/stm32/stm32cubeide_1.7.0/stm32cubeide/plugins/com.st.stm32cube.ide.mcu.externaltools.gnu-tools-for-stm32.9-2020-q2-update.win32_2.0.0.202105311346/tools/bin/../lib/gcc/arm-none-eabi/9.3.1/../../../../arm-none-eabi/lib/thumb/v7e-m+fp/hard\libnosys.a
END GROUP
START GROUP
LOAD e:/stm32/stm32cubeide_1.7.0/stm32cubeide/plugins/com.st.stm32cube.ide.mcu.externaltools.gnu-tools-for-stm32.9-2020-q2-update.win32_2.0.0.202105311346/tools/bin/../lib/gcc/arm-none-eabi/9.3.1/thumb/v7e-m+fp/hard\libgcc.a
LOAD e:/stm32/stm32cubeide_1.7.0/stm32cubeide/plugins/com.st.stm32cube.ide.mcu.externaltools.gnu-tools-for-stm32.9-2020-q2-update.win32_2.0.0.202105311346/tools/bin/../lib/gcc/arm-none-eabi/9.3.1/../../../../arm-none-eabi/lib/thumb/v7e-m+fp/hard\libc_nano.a
LOAD e:/stm32/stm32cubeide_1.7.0/stm32cubeide/plugins/com.st.stm32cube.ide.mcu.externaltools.gnu-tools-for-stm32.9-2020-q2-update.win32_2.0.0.202105311346/tools/bin/../lib/gcc/arm-none-eabi/9.3.1/../../../../arm-none-eabi/lib/thumb/v7e-m+fp/hard\libnosys.a
END GROUP
LOAD e:/stm32/stm32cubeide_1.7.0/stm32cubeide/plugins/com.st.stm32cube.ide.mcu.externaltools.gnu-tools-for-stm32.9-2020-q2-update.win32_2.0.0.202105311346/tools/bin/../lib/gcc/arm-none-eabi/9.3.1/thumb/v7e-m+fp/hard/crtend.o
LOAD e:/stm32/stm32cubeide_1.7.0/stm32cubeide/plugins/com.st.stm32cube.ide.mcu.externaltools.gnu-tools-for-stm32.9-2020-q2-update.win32_2.0.0.202105311346/tools/bin/../lib/gcc/arm-none-eabi/9.3.1/thumb/v7e-m+fp/hard/crtn.o
                0x0000000020020000                _estack = (ORIGIN (RAM) + LENGTH (RAM))
                0x0000000000000200                _Min_Heap_Size = 0x200
                0x0000000000000400                _Min_Stack_Size = 0x400

.isr_vector     0x0000000008000000      0x188
                0x0000000008000000                . = ALIGN (0x4)
 *(.isr_vector)
 .isr_vector    0x0000000008000000      0x188 ./Core/Startup/startup_stm32f407zgtx.o
                0x0000000008000000                g_pfnVectors
                0x0000000008000188                . = ALIGN (0x4)

.text           0x0000000008000190     0x8ed8
                0x0000000008000190                . = ALIGN (0x4)
 *(.text)
 .text          0x0000000008000190       0x40 e:/stm32/stm32cubeide_1.7.0/stm32cubeide/plugins/com.st.stm32cube.ide.mcu.externaltools.gnu-tools-for-stm32.9-2020-q2-update.win32_2.0.0.202105311346/tools/bin/../lib/gcc/arm-none-eabi/9.3.1/thumb/v7e-m+fp/hard/crtbegin.o
 .text          0x00000000080001d0       0xa0 e:/stm32/stm32cubeide_1.7.0/stm32cubeide/plugins/com.st.stm32cube.ide.mcu.externaltools.gnu-tools-for-stm32.9-2020-q2-update.win32_2.0.0.202105311346/tools/bin/../lib/gcc/arm-none-eabi/9.3.1/../../../../arm-none-eabi/lib/thumb/v7e-m+fp/hard\libc_nano.a(lib_a-memchr.o)
                0x00000000080001d0                memchr
 .text          0x0000000008000270       0x30 e:/stm32/stm32cubeide_1.7.0/stm32cubeide/plugins/com.st.stm32cube.ide.mcu.externaltools.gnu-tools-for-stm32.9-2020-q2-update.win32_2.0.0.202105311346/tools/bin/../lib/gcc/arm-none-eabi/9.3.1/thumb/v7e-m+fp/hard\libgcc.a(_aeabi_uldivmod.o)
                0x0000000008000270                __aeabi_uldivmod
 .text          0x00000000080002a0      0x2c4 e:/stm32/stm32cubeide_1.7.0/stm32cubeide/plugins/com.st.stm32cube.ide.mcu.externaltools.gnu-tools-for-stm32.9-2020-q2-update.win32_2.0.0.202105311346/tools/bin/../lib/gcc/arm-none-eabi/9.3.1/thumb/v7e-m+fp/hard\libgcc.a(_udivmoddi4.o)
                0x00000000080002a0                __udivmoddi4
 .text          0x0000000008000564        0x4 e:/stm32/stm32cubeide_1.7.0/stm32cubeide/plugins/com.st.stm32cube.ide.mcu.externaltools.gnu-tools-for-stm32.9-2020-q2-update.win32_2.0.0.202105311346/tools/bin/../lib/gcc/arm-none-eabi/9.3.1/thumb/v7e-m+fp/hard\libgcc.a(_dvmd_tls.o)
                0x0000000008000564                __aeabi_idiv0
                0x0000000008000564                __aeabi_ldiv0
 *(.text*)
 .text.initBuffer
                0x0000000008000568       0x48 ./Core/Src/buffer.o
                0x0000000008000568                initBuffer
 .text.pushBuffer
                0x00000000080005b0       0xb0 ./Core/Src/buffer.o
                0x00000000080005b0                pushBuffer
 .text.popBuffer
                0x0000000008000660       0x5c ./Core/Src/buffer.o
                0x0000000008000660                popBuffer
 .text.frontBuffer
                0x00000000080006bc       0x2c ./Core/Src/buffer.o
                0x00000000080006bc                frontBuffer
 .text.flushBuffer
                0x00000000080006e8       0x78 ./Core/Src/buffer.o
                0x00000000080006e8                flushBuffer
 .text.getBufSize
                0x0000000008000760       0x18 ./Core/Src/buffer.o
                0x0000000008000760                getBufSize
 .text.setStartChar
                0x0000000008000778       0x20 ./Core/Src/buffer.o
                0x0000000008000778                setStartChar
 .text.setStopChar
                0x0000000008000798       0x20 ./Core/Src/buffer.o
                0x0000000008000798                setStopChar
 .text.isMsgStop
                0x00000000080007b8       0x18 ./Core/Src/buffer.o
                0x00000000080007b8                isMsgStop
 .text.getMsg   0x00000000080007d0       0xec ./Core/Src/buffer.o
                0x00000000080007d0                getMsg
 .text.button_init
                0x00000000080008bc       0x18 ./Core/Src/button.o
                0x00000000080008bc                button_init
 .text.button_Scan
                0x00000000080008d4       0xd8 ./Core/Src/button.o
                0x00000000080008d4                button_Scan
 .text.clockInit
                0x00000000080009ac       0xa0 ./Core/Src/clock.o
                0x00000000080009ac                clockInit
 .text.alarmInit
                0x0000000008000a4c       0x54 ./Core/Src/clock.o
                0x0000000008000a4c                alarmInit
 .text.setTimeInit
                0x0000000008000aa0       0x80 ./Core/Src/clock.o
                0x0000000008000aa0                setTimeInit
 .text.Uart4ClockInit
                0x0000000008000b20       0x64 ./Core/Src/clock.o
                0x0000000008000b20                Uart4ClockInit
 .text.isUpdateComplete
                0x0000000008000b84       0x28 ./Core/Src/clock.o
                0x0000000008000b84                isUpdateComplete
 .text.updateTime
                0x0000000008000bac       0x58 ./Core/Src/clock.o
                0x0000000008000bac                updateTime
 .text.updateTimeFull
                0x0000000008000c04       0x6e ./Core/Src/clock.o
                0x0000000008000c04                updateTimeFull
 *fill*         0x0000000008000c72        0x2 
 .text.clockFSM
                0x0000000008000c74      0x168 ./Core/Src/clock.o
                0x0000000008000c74                clockFSM
 .text.setTimeFSM
                0x0000000008000ddc      0x2c4 ./Core/Src/clock.o
                0x0000000008000ddc                setTimeFSM
 .text.setAlarmFSM
                0x00000000080010a0      0x2c8 ./Core/Src/clock.o
                0x00000000080010a0                setAlarmFSM
 .text.blinkTimeFSM
                0x0000000008001368      0x278 ./Core/Src/clock.o
                0x0000000008001368                blinkTimeFSM
 .text.updateTimeViaUartFSM
                0x00000000080015e0      0x900 ./Core/Src/clock.o
                0x00000000080015e0                updateTimeViaUartFSM
 .text.checkAlarm
                0x0000000008001ee0       0x98 ./Core/Src/clock.o
                0x0000000008001ee0                checkAlarm
 .text.notifyAlarm
                0x0000000008001f78       0x3c ./Core/Src/clock.o
                0x0000000008001f78                notifyAlarm
 .text.displayTime
                0x0000000008001fb4       0x58 ./Core/Src/clock.o
                0x0000000008001fb4                displayTime
 .text.displayTimeFull
                0x000000000800200c      0x204 ./Core/Src/clock.o
                0x000000000800200c                displayTimeFull
 .text.ds3231_init
                0x0000000008002210       0x88 ./Core/Src/ds3231.o
                0x0000000008002210                ds3231_init
 .text.ds3231_Write
                0x0000000008002298       0x44 ./Core/Src/ds3231.o
                0x0000000008002298                ds3231_Write
 .text.ds3231_ReadTime
                0x00000000080022dc       0xc8 ./Core/Src/ds3231.o
                0x00000000080022dc                ds3231_ReadTime
 .text.LCD_WR_DATA
                0x00000000080023a4       0x20 ./Core/Src/lcd.o
 .text.LCD_RD_DATA
                0x00000000080023c4       0x24 ./Core/Src/lcd.o
 .text.LCD_WR_REG
                0x00000000080023e8       0x20 ./Core/Src/lcd.o
                0x00000000080023e8                LCD_WR_REG
 .text.lcd_AddressSet
                0x0000000008002408       0x98 ./Core/Src/lcd.o
                0x0000000008002408                lcd_AddressSet
 .text.lcd_Clear
                0x00000000080024a0       0x64 ./Core/Src/lcd.o
                0x00000000080024a0                lcd_Clear
 .text.lcd_DrawPoint
                0x0000000008002504       0x2e ./Core/Src/lcd.o
                0x0000000008002504                lcd_DrawPoint
 *fill*         0x0000000008002532        0x2 
 .text.lcd_ShowChar
                0x0000000008002534      0x1a0 ./Core/Src/lcd.o
                0x0000000008002534                lcd_ShowChar
 .text.mypow    0x00000000080026d4       0x38 ./Core/Src/lcd.o
                0x00000000080026d4                mypow
 .text.lcd_ShowIntNum
                0x000000000800270c       0xfc ./Core/Src/lcd.o
                0x000000000800270c                lcd_ShowIntNum
 .text.lcd_SetDir
                0x0000000008002808       0x48 ./Core/Src/lcd.o
                0x0000000008002808                lcd_SetDir
 .text.lcd_init
                0x0000000008002850      0x2c0 ./Core/Src/lcd.o
                0x0000000008002850                lcd_init
 .text._draw_circle_8
                0x0000000008002b10      0x116 ./Core/Src/lcd.o
                0x0000000008002b10                _draw_circle_8
 .text.lcd_DrawCircle
                0x0000000008002c26       0xd8 ./Core/Src/lcd.o
                0x0000000008002c26                lcd_DrawCircle
 *fill*         0x0000000008002cfe        0x2 
 .text.lcd_ShowStr
                0x0000000008002d00       0xc8 ./Core/Src/lcd.o
                0x0000000008002d00                lcd_ShowStr
 .text.led7_init
                0x0000000008002dc8       0x18 ./Core/Src/led7seg.o
                0x0000000008002dc8                led7_init
 .text.led7_Scan
                0x0000000008002de0      0x118 ./Core/Src/led7seg.o
                0x0000000008002de0                led7_Scan
 .text.main     0x0000000008002ef8       0x9c ./Core/Src/main.o
                0x0000000008002ef8                main
 .text.SystemClock_Config
                0x0000000008002f94       0xd4 ./Core/Src/main.o
                0x0000000008002f94                SystemClock_Config
 .text.MX_I2C1_Init
                0x0000000008003068       0x5c ./Core/Src/main.o
 .text.MX_SPI1_Init
                0x00000000080030c4       0x6c ./Core/Src/main.o
 .text.MX_TIM2_Init
                0x0000000008003130       0x98 ./Core/Src/main.o
 .text.MX_USART1_UART_Init
                0x00000000080031c8       0x54 ./Core/Src/main.o
 .text.MX_GPIO_Init
                0x000000000800321c      0x1d4 ./Core/Src/main.o
 .text.MX_FSMC_Init
                0x00000000080033f0       0xf4 ./Core/Src/main.o
 .text.system_init
                0x00000000080034e4       0x48 ./Core/Src/main.o
                0x00000000080034e4                system_init
 .text.Error_Handler
                0x000000000800352c        0xa ./Core/Src/main.o
                0x000000000800352c                Error_Handler
 *fill*         0x0000000008003536        0x2 
 .text.timer_init
                0x0000000008003538       0x30 ./Core/Src/software_timer.o
                0x0000000008003538                timer_init
 .text.setTimer2
                0x0000000008003568       0x38 ./Core/Src/software_timer.o
                0x0000000008003568                setTimer2
 .text.setBlinkLCDTimer
                0x00000000080035a0       0x38 ./Core/Src/software_timer.o
                0x00000000080035a0                setBlinkLCDTimer
 .text.setClockTimer
                0x00000000080035d8       0x38 ./Core/Src/software_timer.o
                0x00000000080035d8                setClockTimer
 .text.isBlinkLCD
                0x0000000008003610       0x28 ./Core/Src/software_timer.o
                0x0000000008003610                isBlinkLCD
 .text.isClock  0x0000000008003638       0x28 ./Core/Src/software_timer.o
                0x0000000008003638                isClock
 .text.isFlagTimer2
                0x0000000008003660       0x28 ./Core/Src/software_timer.o
                0x0000000008003660                isFlagTimer2
 .text.HAL_TIM_PeriodElapsedCallback
                0x0000000008003688       0xf4 ./Core/Src/software_timer.o
                0x0000000008003688                HAL_TIM_PeriodElapsedCallback
 .text.HAL_MspInit
                0x000000000800377c       0x50 ./Core/Src/stm32f4xx_hal_msp.o
                0x000000000800377c                HAL_MspInit
 .text.HAL_I2C_MspInit
                0x00000000080037cc       0x90 ./Core/Src/stm32f4xx_hal_msp.o
                0x00000000080037cc                HAL_I2C_MspInit
 .text.HAL_SPI_MspInit
                0x000000000800385c       0x90 ./Core/Src/stm32f4xx_hal_msp.o
                0x000000000800385c                HAL_SPI_MspInit
 .text.HAL_TIM_Base_MspInit
                0x00000000080038ec       0x4c ./Core/Src/stm32f4xx_hal_msp.o
                0x00000000080038ec                HAL_TIM_Base_MspInit
 .text.HAL_UART_MspInit
                0x0000000008003938       0xa0 ./Core/Src/stm32f4xx_hal_msp.o
                0x0000000008003938                HAL_UART_MspInit
 .text.HAL_FSMC_MspInit
                0x00000000080039d8       0x98 ./Core/Src/stm32f4xx_hal_msp.o
 .text.HAL_SRAM_MspInit
                0x0000000008003a70       0x14 ./Core/Src/stm32f4xx_hal_msp.o
                0x0000000008003a70                HAL_SRAM_MspInit
 .text.NMI_Handler
                0x0000000008003a84        0x6 ./Core/Src/stm32f4xx_it.o
                0x0000000008003a84                NMI_Handler
 .text.HardFault_Handler
                0x0000000008003a8a        0x6 ./Core/Src/stm32f4xx_it.o
                0x0000000008003a8a                HardFault_Handler
 .text.MemManage_Handler
                0x0000000008003a90        0x6 ./Core/Src/stm32f4xx_it.o
                0x0000000008003a90                MemManage_Handler
 .text.BusFault_Handler
                0x0000000008003a96        0x6 ./Core/Src/stm32f4xx_it.o
                0x0000000008003a96                BusFault_Handler
 .text.UsageFault_Handler
                0x0000000008003a9c        0x6 ./Core/Src/stm32f4xx_it.o
                0x0000000008003a9c                UsageFault_Handler
 .text.SVC_Handler
                0x0000000008003aa2        0xe ./Core/Src/stm32f4xx_it.o
                0x0000000008003aa2                SVC_Handler
 .text.DebugMon_Handler
                0x0000000008003ab0        0xe ./Core/Src/stm32f4xx_it.o
                0x0000000008003ab0                DebugMon_Handler
 .text.PendSV_Handler
                0x0000000008003abe        0xe ./Core/Src/stm32f4xx_it.o
                0x0000000008003abe                PendSV_Handler
 .text.SysTick_Handler
                0x0000000008003acc        0xc ./Core/Src/stm32f4xx_it.o
                0x0000000008003acc                SysTick_Handler
 .text.TIM2_IRQHandler
                0x0000000008003ad8       0x14 ./Core/Src/stm32f4xx_it.o
                0x0000000008003ad8                TIM2_IRQHandler
 .text.USART1_IRQHandler
                0x0000000008003aec       0x14 ./Core/Src/stm32f4xx_it.o
                0x0000000008003aec                USART1_IRQHandler
 .text._sbrk    0x0000000008003b00       0x6c ./Core/Src/sysmem.o
                0x0000000008003b00                _sbrk
 .text.SystemInit
                0x0000000008003b6c       0x24 ./Core/Src/system_stm32f4xx.o
                0x0000000008003b6c                SystemInit
 .text.uart_init_rs232
                0x0000000008003b90       0x20 ./Core/Src/uart .o
                0x0000000008003b90                uart_init_rs232
 .text.uart_Rs232SendString
                0x0000000008003bb0       0x34 ./Core/Src/uart .o
                0x0000000008003bb0                uart_Rs232SendString
 .text.uart_Rs232SendBytes
                0x0000000008003be4       0x24 ./Core/Src/uart .o
                0x0000000008003be4                uart_Rs232SendBytes
 .text.uart_Rs232SendNum
                0x0000000008003c08       0xb0 ./Core/Src/uart .o
                0x0000000008003c08                uart_Rs232SendNum
 .text.HAL_UART_RxCpltCallback
                0x0000000008003cb8       0x6c ./Core/Src/uart .o
                0x0000000008003cb8                HAL_UART_RxCpltCallback
 .text.BCD2DEC  0x0000000008003d24       0x32 ./Core/Src/utils.o
                0x0000000008003d24                BCD2DEC
 *fill*         0x0000000008003d56        0x2 
 .text.DEC2BCD  0x0000000008003d58       0x48 ./Core/Src/utils.o
                0x0000000008003d58                DEC2BCD
 .text.Reset_Handler
                0x0000000008003da0       0x50 ./Core/Startup/startup_stm32f407zgtx.o
                0x0000000008003da0                Reset_Handler
 .text.Default_Handler
                0x0000000008003df0        0x2 ./Core/Startup/startup_stm32f407zgtx.o
                0x0000000008003df0                RTC_Alarm_IRQHandler
                0x0000000008003df0                HASH_RNG_IRQHandler
                0x0000000008003df0                EXTI2_IRQHandler
                0x0000000008003df0                TIM8_CC_IRQHandler
                0x0000000008003df0                TIM1_CC_IRQHandler
                0x0000000008003df0                DMA2_Stream5_IRQHandler
                0x0000000008003df0                DMA1_Stream5_IRQHandler
                0x0000000008003df0                PVD_IRQHandler
                0x0000000008003df0                SDIO_IRQHandler
                0x0000000008003df0                TAMP_STAMP_IRQHandler
                0x0000000008003df0                CAN2_RX1_IRQHandler
                0x0000000008003df0                EXTI3_IRQHandler
                0x0000000008003df0                TIM8_TRG_COM_TIM14_IRQHandler
                0x0000000008003df0                TIM1_UP_TIM10_IRQHandler
                0x0000000008003df0                TIM8_UP_TIM13_IRQHandler
                0x0000000008003df0                I2C3_ER_IRQHandler
                0x0000000008003df0                EXTI0_IRQHandler
                0x0000000008003df0                I2C2_EV_IRQHandler
                0x0000000008003df0                DMA1_Stream2_IRQHandler
                0x0000000008003df0                CAN1_RX0_IRQHandler
                0x0000000008003df0                FPU_IRQHandler
                0x0000000008003df0                OTG_HS_WKUP_IRQHandler
                0x0000000008003df0                CAN2_SCE_IRQHandler
                0x0000000008003df0                DMA2_Stream2_IRQHandler
                0x0000000008003df0                SPI1_IRQHandler
                0x0000000008003df0                TIM6_DAC_IRQHandler
                0x0000000008003df0                TIM1_BRK_TIM9_IRQHandler
                0x0000000008003df0                DCMI_IRQHandler
                0x0000000008003df0                CAN2_RX0_IRQHandler
                0x0000000008003df0                DMA2_Stream3_IRQHandler
                0x0000000008003df0                USART6_IRQHandler
                0x0000000008003df0                USART3_IRQHandler
                0x0000000008003df0                CAN1_RX1_IRQHandler
                0x0000000008003df0                UART5_IRQHandler
                0x0000000008003df0                DMA2_Stream0_IRQHandler
                0x0000000008003df0                TIM4_IRQHandler
                0x0000000008003df0                I2C1_EV_IRQHandler
                0x0000000008003df0                DMA1_Stream6_IRQHandler
                0x0000000008003df0                DMA1_Stream1_IRQHandler
                0x0000000008003df0                UART4_IRQHandler
                0x0000000008003df0                TIM3_IRQHandler
                0x0000000008003df0                RCC_IRQHandler
                0x0000000008003df0                TIM8_BRK_TIM12_IRQHandler
                0x0000000008003df0                Default_Handler
                0x0000000008003df0                EXTI15_10_IRQHandler
                0x0000000008003df0                ADC_IRQHandler
                0x0000000008003df0                DMA1_Stream7_IRQHandler
                0x0000000008003df0                TIM7_IRQHandler
                0x0000000008003df0                CAN2_TX_IRQHandler
                0x0000000008003df0                TIM5_IRQHandler
                0x0000000008003df0                DMA2_Stream7_IRQHandler
                0x0000000008003df0                I2C3_EV_IRQHandler
                0x0000000008003df0                EXTI9_5_IRQHandler
                0x0000000008003df0                RTC_WKUP_IRQHandler
                0x0000000008003df0                ETH_WKUP_IRQHandler
                0x0000000008003df0                SPI2_IRQHandler
                0x0000000008003df0                OTG_HS_EP1_IN_IRQHandler
                0x0000000008003df0                DMA1_Stream0_IRQHandler
                0x0000000008003df0                CAN1_TX_IRQHandler
                0x0000000008003df0                EXTI4_IRQHandler
                0x0000000008003df0                FSMC_IRQHandler
                0x0000000008003df0                ETH_IRQHandler
                0x0000000008003df0                OTG_HS_EP1_OUT_IRQHandler
                0x0000000008003df0                WWDG_IRQHandler
                0x0000000008003df0                OTG_FS_WKUP_IRQHandler
                0x0000000008003df0                TIM1_TRG_COM_TIM11_IRQHandler
                0x0000000008003df0                OTG_HS_IRQHandler
                0x0000000008003df0                EXTI1_IRQHandler
                0x0000000008003df0                USART2_IRQHandler
                0x0000000008003df0                I2C2_ER_IRQHandler
                0x0000000008003df0                DMA2_Stream1_IRQHandler
                0x0000000008003df0                CAN1_SCE_IRQHandler
                0x0000000008003df0                FLASH_IRQHandler
                0x0000000008003df0                DMA2_Stream4_IRQHandler
                0x0000000008003df0                OTG_FS_IRQHandler
                0x0000000008003df0                SPI3_IRQHandler
                0x0000000008003df0                DMA1_Stream4_IRQHandler
                0x0000000008003df0                I2C1_ER_IRQHandler
                0x0000000008003df0                DMA2_Stream6_IRQHandler
                0x0000000008003df0                DMA1_Stream3_IRQHandler
 *fill*         0x0000000008003df2        0x2 
 .text.HAL_Init
                0x0000000008003df4       0x44 ./Drivers/STM32F4xx_HAL_Driver/Src/stm32f4xx_hal.o
                0x0000000008003df4                HAL_Init
 .text.HAL_InitTick
                0x0000000008003e38       0x60 ./Drivers/STM32F4xx_HAL_Driver/Src/stm32f4xx_hal.o
                0x0000000008003e38                HAL_InitTick
 .text.HAL_IncTick
                0x0000000008003e98       0x28 ./Drivers/STM32F4xx_HAL_Driver/Src/stm32f4xx_hal.o
                0x0000000008003e98                HAL_IncTick
 .text.HAL_GetTick
                0x0000000008003ec0       0x18 ./Drivers/STM32F4xx_HAL_Driver/Src/stm32f4xx_hal.o
                0x0000000008003ec0                HAL_GetTick
 .text.HAL_Delay
                0x0000000008003ed8       0x48 ./Drivers/STM32F4xx_HAL_Driver/Src/stm32f4xx_hal.o
                0x0000000008003ed8                HAL_Delay
 .text.__NVIC_SetPriorityGrouping
                0x0000000008003f20       0x48 ./Drivers/STM32F4xx_HAL_Driver/Src/stm32f4xx_hal_cortex.o
 .text.__NVIC_GetPriorityGrouping
                0x0000000008003f68       0x1c ./Drivers/STM32F4xx_HAL_Driver/Src/stm32f4xx_hal_cortex.o
 .text.__NVIC_EnableIRQ
                0x0000000008003f84       0x3c ./Drivers/STM32F4xx_HAL_Driver/Src/stm32f4xx_hal_cortex.o
 .text.__NVIC_SetPriority
                0x0000000008003fc0       0x54 ./Drivers/STM32F4xx_HAL_Driver/Src/stm32f4xx_hal_cortex.o
 .text.NVIC_EncodePriority
                0x0000000008004014       0x66 ./Drivers/STM32F4xx_HAL_Driver/Src/stm32f4xx_hal_cortex.o
 *fill*         0x000000000800407a        0x2 
 .text.SysTick_Config
                0x000000000800407c       0x44 ./Drivers/STM32F4xx_HAL_Driver/Src/stm32f4xx_hal_cortex.o
 .text.HAL_NVIC_SetPriorityGrouping
                0x00000000080040c0       0x16 ./Drivers/STM32F4xx_HAL_Driver/Src/stm32f4xx_hal_cortex.o
                0x00000000080040c0                HAL_NVIC_SetPriorityGrouping
 .text.HAL_NVIC_SetPriority
                0x00000000080040d6       0x38 ./Drivers/STM32F4xx_HAL_Driver/Src/stm32f4xx_hal_cortex.o
                0x00000000080040d6                HAL_NVIC_SetPriority
 .text.HAL_NVIC_EnableIRQ
                0x000000000800410e       0x1c ./Drivers/STM32F4xx_HAL_Driver/Src/stm32f4xx_hal_cortex.o
                0x000000000800410e                HAL_NVIC_EnableIRQ
 .text.HAL_SYSTICK_Config
                0x000000000800412a       0x18 ./Drivers/STM32F4xx_HAL_Driver/Src/stm32f4xx_hal_cortex.o
                0x000000000800412a                HAL_SYSTICK_Config
 .text.HAL_DMA_Abort
                0x0000000008004142       0xe0 ./Drivers/STM32F4xx_HAL_Driver/Src/stm32f4xx_hal_dma.o
                0x0000000008004142                HAL_DMA_Abort
 .text.HAL_DMA_Abort_IT
                0x0000000008004222       0x44 ./Drivers/STM32F4xx_HAL_Driver/Src/stm32f4xx_hal_dma.o
                0x0000000008004222                HAL_DMA_Abort_IT
 *fill*         0x0000000008004266        0x2 
 .text.HAL_GPIO_Init
                0x0000000008004268      0x338 ./Drivers/STM32F4xx_HAL_Driver/Src/stm32f4xx_hal_gpio.o
                0x0000000008004268                HAL_GPIO_Init
 .text.HAL_GPIO_WritePin
                0x00000000080045a0       0x32 ./Drivers/STM32F4xx_HAL_Driver/Src/stm32f4xx_hal_gpio.o
                0x00000000080045a0                HAL_GPIO_WritePin
 *fill*         0x00000000080045d2        0x2 
 .text.HAL_I2C_Init
                0x00000000080045d4      0x288 ./Drivers/STM32F4xx_HAL_Driver/Src/stm32f4xx_hal_i2c.o
                0x00000000080045d4                HAL_I2C_Init
 .text.HAL_I2C_Mem_Write
                0x000000000800485c      0x1f4 ./Drivers/STM32F4xx_HAL_Driver/Src/stm32f4xx_hal_i2c.o
                0x000000000800485c                HAL_I2C_Mem_Write
 .text.HAL_I2C_Mem_Read
                0x0000000008004a50      0x44c ./Drivers/STM32F4xx_HAL_Driver/Src/stm32f4xx_hal_i2c.o
                0x0000000008004a50                HAL_I2C_Mem_Read
 .text.HAL_I2C_IsDeviceReady
                0x0000000008004e9c      0x25c ./Drivers/STM32F4xx_HAL_Driver/Src/stm32f4xx_hal_i2c.o
                0x0000000008004e9c                HAL_I2C_IsDeviceReady
 .text.I2C_RequestMemoryWrite
                0x00000000080050f8      0x12c ./Drivers/STM32F4xx_HAL_Driver/Src/stm32f4xx_hal_i2c.o
 .text.I2C_RequestMemoryRead
                0x0000000008005224      0x1d0 ./Drivers/STM32F4xx_HAL_Driver/Src/stm32f4xx_hal_i2c.o
 .text.I2C_WaitOnFlagUntilTimeout
                0x00000000080053f4       0xae ./Drivers/STM32F4xx_HAL_Driver/Src/stm32f4xx_hal_i2c.o
 .text.I2C_WaitOnMasterAddressFlagUntilTimeout
                0x00000000080054a2       0xfe ./Drivers/STM32F4xx_HAL_Driver/Src/stm32f4xx_hal_i2c.o
 .text.I2C_WaitOnTXEFlagUntilTimeout
                0x00000000080055a0       0x82 ./Drivers/STM32F4xx_HAL_Driver/Src/stm32f4xx_hal_i2c.o
 .text.I2C_WaitOnBTFFlagUntilTimeout
                0x0000000008005622       0x82 ./Drivers/STM32F4xx_HAL_Driver/Src/stm32f4xx_hal_i2c.o
 .text.I2C_WaitOnRXNEFlagUntilTimeout
                0x00000000080056a4       0xac ./Drivers/STM32F4xx_HAL_Driver/Src/stm32f4xx_hal_i2c.o
 .text.I2C_IsAcknowledgeFailed
                0x0000000008005750       0x5e ./Drivers/STM32F4xx_HAL_Driver/Src/stm32f4xx_hal_i2c.o
 *fill*         0x00000000080057ae        0x2 
 .text.HAL_RCC_OscConfig
                0x00000000080057b0      0x4f0 ./Drivers/STM32F4xx_HAL_Driver/Src/stm32f4xx_hal_rcc.o
                0x00000000080057b0                HAL_RCC_OscConfig
 .text.HAL_RCC_ClockConfig
                0x0000000008005ca0      0x1cc ./Drivers/STM32F4xx_HAL_Driver/Src/stm32f4xx_hal_rcc.o
                0x0000000008005ca0                HAL_RCC_ClockConfig
 .text.HAL_RCC_GetSysClockFreq
                0x0000000008005e6c      0x16c ./Drivers/STM32F4xx_HAL_Driver/Src/stm32f4xx_hal_rcc.o
                0x0000000008005e6c                HAL_RCC_GetSysClockFreq
 .text.HAL_RCC_GetHCLKFreq
                0x0000000008005fd8       0x18 ./Drivers/STM32F4xx_HAL_Driver/Src/stm32f4xx_hal_rcc.o
                0x0000000008005fd8                HAL_RCC_GetHCLKFreq
 .text.HAL_RCC_GetPCLK1Freq
                0x0000000008005ff0       0x28 ./Drivers/STM32F4xx_HAL_Driver/Src/stm32f4xx_hal_rcc.o
                0x0000000008005ff0                HAL_RCC_GetPCLK1Freq
 .text.HAL_RCC_GetPCLK2Freq
                0x0000000008006018       0x28 ./Drivers/STM32F4xx_HAL_Driver/Src/stm32f4xx_hal_rcc.o
                0x0000000008006018                HAL_RCC_GetPCLK2Freq
 .text.HAL_SPI_Init
                0x0000000008006040      0x112 ./Drivers/STM32F4xx_HAL_Driver/Src/stm32f4xx_hal_spi.o
                0x0000000008006040                HAL_SPI_Init
 .text.HAL_SPI_Transmit
                0x0000000008006152      0x278 ./Drivers/STM32F4xx_HAL_Driver/Src/stm32f4xx_hal_spi.o
                0x0000000008006152                HAL_SPI_Transmit
 .text.HAL_SPI_Receive
                0x00000000080063ca      0x222 ./Drivers/STM32F4xx_HAL_Driver/Src/stm32f4xx_hal_spi.o
                0x00000000080063ca                HAL_SPI_Receive
 .text.HAL_SPI_TransmitReceive
                0x00000000080065ec      0x344 ./Drivers/STM32F4xx_HAL_Driver/Src/stm32f4xx_hal_spi.o
                0x00000000080065ec                HAL_SPI_TransmitReceive
 .text.SPI_WaitFlagStateUntilTimeout
                0x0000000008006930      0x110 ./Drivers/STM32F4xx_HAL_Driver/Src/stm32f4xx_hal_spi.o
 .text.SPI_EndRxTransaction
                0x0000000008006a40       0xca ./Drivers/STM32F4xx_HAL_Driver/Src/stm32f4xx_hal_spi.o
 *fill*         0x0000000008006b0a        0x2 
 .text.SPI_EndRxTxTransaction
                0x0000000008006b0c       0x84 ./Drivers/STM32F4xx_HAL_Driver/Src/stm32f4xx_hal_spi.o
 .text.HAL_SRAM_Init
                0x0000000008006b90       0x88 ./Drivers/STM32F4xx_HAL_Driver/Src/stm32f4xx_hal_sram.o
                0x0000000008006b90                HAL_SRAM_Init
 .text.HAL_TIM_Base_Init
                0x0000000008006c18       0x9e ./Drivers/STM32F4xx_HAL_Driver/Src/stm32f4xx_hal_tim.o
                0x0000000008006c18                HAL_TIM_Base_Init
 *fill*         0x0000000008006cb6        0x2 
 .text.HAL_TIM_Base_Start_IT
                0x0000000008006cb8       0xe0 ./Drivers/STM32F4xx_HAL_Driver/Src/stm32f4xx_hal_tim.o
                0x0000000008006cb8                HAL_TIM_Base_Start_IT
 .text.HAL_TIM_IRQHandler
                0x0000000008006d98      0x210 ./Drivers/STM32F4xx_HAL_Driver/Src/stm32f4xx_hal_tim.o
                0x0000000008006d98                HAL_TIM_IRQHandler
 .text.HAL_TIM_ConfigClockSource
                0x0000000008006fa8      0x18e ./Drivers/STM32F4xx_HAL_Driver/Src/stm32f4xx_hal_tim.o
                0x0000000008006fa8                HAL_TIM_ConfigClockSource
 .text.HAL_TIM_OC_DelayElapsedCallback
                0x0000000008007136       0x14 ./Drivers/STM32F4xx_HAL_Driver/Src/stm32f4xx_hal_tim.o
                0x0000000008007136                HAL_TIM_OC_DelayElapsedCallback
 .text.HAL_TIM_IC_CaptureCallback
                0x000000000800714a       0x14 ./Drivers/STM32F4xx_HAL_Driver/Src/stm32f4xx_hal_tim.o
                0x000000000800714a                HAL_TIM_IC_CaptureCallback
 .text.HAL_TIM_PWM_PulseFinishedCallback
                0x000000000800715e       0x14 ./Drivers/STM32F4xx_HAL_Driver/Src/stm32f4xx_hal_tim.o
                0x000000000800715e                HAL_TIM_PWM_PulseFinishedCallback
 .text.HAL_TIM_TriggerCallback
                0x0000000008007172       0x14 ./Drivers/STM32F4xx_HAL_Driver/Src/stm32f4xx_hal_tim.o
                0x0000000008007172                HAL_TIM_TriggerCallback
 *fill*         0x0000000008007186        0x2 
 .text.TIM_Base_SetConfig
                0x0000000008007188      0x140 ./Drivers/STM32F4xx_HAL_Driver/Src/stm32f4xx_hal_tim.o
                0x0000000008007188                TIM_Base_SetConfig
 .text.TIM_TI1_ConfigInputStage
                0x00000000080072c8       0x5e ./Drivers/STM32F4xx_HAL_Driver/Src/stm32f4xx_hal_tim.o
 .text.TIM_TI2_ConfigInputStage
                0x0000000008007326       0x60 ./Drivers/STM32F4xx_HAL_Driver/Src/stm32f4xx_hal_tim.o
 .text.TIM_ITRx_SetConfig
                0x0000000008007386       0x36 ./Drivers/STM32F4xx_HAL_Driver/Src/stm32f4xx_hal_tim.o
 .text.TIM_ETR_SetConfig
                0x00000000080073bc       0x40 ./Drivers/STM32F4xx_HAL_Driver/Src/stm32f4xx_hal_tim.o
                0x00000000080073bc                TIM_ETR_SetConfig
 .text.HAL_TIMEx_MasterConfigSynchronization
                0x00000000080073fc       0xf8 ./Drivers/STM32F4xx_HAL_Driver/Src/stm32f4xx_hal_tim_ex.o
                0x00000000080073fc                HAL_TIMEx_MasterConfigSynchronization
 .text.HAL_TIMEx_CommutCallback
                0x00000000080074f4       0x14 ./Drivers/STM32F4xx_HAL_Driver/Src/stm32f4xx_hal_tim_ex.o
                0x00000000080074f4                HAL_TIMEx_CommutCallback
 .text.HAL_TIMEx_BreakCallback
                0x0000000008007508       0x14 ./Drivers/STM32F4xx_HAL_Driver/Src/stm32f4xx_hal_tim_ex.o
                0x0000000008007508                HAL_TIMEx_BreakCallback
 .text.HAL_UART_Init
                0x000000000800751c       0x9a ./Drivers/STM32F4xx_HAL_Driver/Src/stm32f4xx_hal_uart.o
                0x000000000800751c                HAL_UART_Init
 .text.HAL_UART_Transmit
                0x00000000080075b6      0x124 ./Drivers/STM32F4xx_HAL_Driver/Src/stm32f4xx_hal_uart.o
                0x00000000080075b6                HAL_UART_Transmit
 .text.HAL_UART_Receive_IT
                0x00000000080076da       0x60 ./Drivers/STM32F4xx_HAL_Driver/Src/stm32f4xx_hal_uart.o
                0x00000000080076da                HAL_UART_Receive_IT
 *fill*         0x000000000800773a        0x2 
 .text.HAL_UART_IRQHandler
                0x000000000800773c      0x51c ./Drivers/STM32F4xx_HAL_Driver/Src/stm32f4xx_hal_uart.o
                0x000000000800773c                HAL_UART_IRQHandler
 .text.HAL_UART_TxCpltCallback
                0x0000000008007c58       0x14 ./Drivers/STM32F4xx_HAL_Driver/Src/stm32f4xx_hal_uart.o
                0x0000000008007c58                HAL_UART_TxCpltCallback
 .text.HAL_UART_ErrorCallback
                0x0000000008007c6c       0x14 ./Drivers/STM32F4xx_HAL_Driver/Src/stm32f4xx_hal_uart.o
                0x0000000008007c6c                HAL_UART_ErrorCallback
 .text.HAL_UARTEx_RxEventCallback
                0x0000000008007c80       0x18 ./Drivers/STM32F4xx_HAL_Driver/Src/stm32f4xx_hal_uart.o
                0x0000000008007c80                HAL_UARTEx_RxEventCallback
 .text.UART_WaitOnFlagUntilTimeout
                0x0000000008007c98       0xdc ./Drivers/STM32F4xx_HAL_Driver/Src/stm32f4xx_hal_uart.o
 .text.UART_Start_Receive_IT
                0x0000000008007d74       0x74 ./Drivers/STM32F4xx_HAL_Driver/Src/stm32f4xx_hal_uart.o
                0x0000000008007d74                UART_Start_Receive_IT
 .text.UART_EndRxTransfer
                0x0000000008007de8       0xc6 ./Drivers/STM32F4xx_HAL_Driver/Src/stm32f4xx_hal_uart.o
 .text.UART_DMAAbortOnError
                0x0000000008007eae       0x28 ./Drivers/STM32F4xx_HAL_Driver/Src/stm32f4xx_hal_uart.o
 .text.UART_Transmit_IT
                0x0000000008007ed6       0xa0 ./Drivers/STM32F4xx_HAL_Driver/Src/stm32f4xx_hal_uart.o
 .text.UART_EndTransmit_IT
                0x0000000008007f76       0x30 ./Drivers/STM32F4xx_HAL_Driver/Src/stm32f4xx_hal_uart.o
 .text.UART_Receive_IT
                0x0000000008007fa6      0x176 ./Drivers/STM32F4xx_HAL_Driver/Src/stm32f4xx_hal_uart.o
 .text.UART_SetConfig
                0x000000000800811c      0x390 ./Drivers/STM32F4xx_HAL_Driver/Src/stm32f4xx_hal_uart.o
 .text.FSMC_NORSRAM_Init
                0x00000000080084ac       0xa4 ./Drivers/STM32F4xx_HAL_Driver/Src/stm32f4xx_ll_fsmc.o
                0x00000000080084ac                FSMC_NORSRAM_Init
 .text.FSMC_NORSRAM_Timing_Init
                0x0000000008008550       0x7a ./Drivers/STM32F4xx_HAL_Driver/Src/stm32f4xx_ll_fsmc.o
                0x0000000008008550                FSMC_NORSRAM_Timing_Init
 *fill*         0x00000000080085ca        0x2 
 .text.FSMC_NORSRAM_Extended_Timing_Init
                0x00000000080085cc       0x80 ./Drivers/STM32F4xx_HAL_Driver/Src/stm32f4xx_ll_fsmc.o
                0x00000000080085cc                FSMC_NORSRAM_Extended_Timing_Init
 .text.atoi     0x000000000800864c        0x8 e:/stm32/stm32cubeide_1.7.0/stm32cubeide/plugins/com.st.stm32cube.ide.mcu.externaltools.gnu-tools-for-stm32.9-2020-q2-update.win32_2.0.0.202105311346/tools/bin/../lib/gcc/arm-none-eabi/9.3.1/../../../../arm-none-eabi/lib/thumb/v7e-m+fp/hard\libc_nano.a(lib_a-atoi.o)
                0x000000000800864c                atoi
 .text.__errno  0x0000000008008654        0xc e:/stm32/stm32cubeide_1.7.0/stm32cubeide/plugins/com.st.stm32cube.ide.mcu.externaltools.gnu-tools-for-stm32.9-2020-q2-update.win32_2.0.0.202105311346/tools/bin/../lib/gcc/arm-none-eabi/9.3.1/../../../../arm-none-eabi/lib/thumb/v7e-m+fp/hard\libc_nano.a(lib_a-errno.o)
                0x0000000008008654                __errno
 .text.__libc_init_array
                0x0000000008008660       0x48 e:/stm32/stm32cubeide_1.7.0/stm32cubeide/plugins/com.st.stm32cube.ide.mcu.externaltools.gnu-tools-for-stm32.9-2020-q2-update.win32_2.0.0.202105311346/tools/bin/../lib/gcc/arm-none-eabi/9.3.1/../../../../arm-none-eabi/lib/thumb/v7e-m+fp/hard\libc_nano.a(lib_a-init.o)
                0x0000000008008660                __libc_init_array
 .text.malloc   0x00000000080086a8       0x10 e:/stm32/stm32cubeide_1.7.0/stm32cubeide/plugins/com.st.stm32cube.ide.mcu.externaltools.gnu-tools-for-stm32.9-2020-q2-update.win32_2.0.0.202105311346/tools/bin/../lib/gcc/arm-none-eabi/9.3.1/../../../../arm-none-eabi/lib/thumb/v7e-m+fp/hard\libc_nano.a(lib_a-malloc.o)
                0x00000000080086a8                malloc
 .text.free     0x00000000080086b8       0x10 e:/stm32/stm32cubeide_1.7.0/stm32cubeide/plugins/com.st.stm32cube.ide.mcu.externaltools.gnu-tools-for-stm32.9-2020-q2-update.win32_2.0.0.202105311346/tools/bin/../lib/gcc/arm-none-eabi/9.3.1/../../../../arm-none-eabi/lib/thumb/v7e-m+fp/hard\libc_nano.a(lib_a-malloc.o)
                0x00000000080086b8                free
 .text.memset   0x00000000080086c8       0x10 e:/stm32/stm32cubeide_1.7.0/stm32cubeide/plugins/com.st.stm32cube.ide.mcu.externaltools.gnu-tools-for-stm32.9-2020-q2-update.win32_2.0.0.202105311346/tools/bin/../lib/gcc/arm-none-eabi/9.3.1/../../../../arm-none-eabi/lib/thumb/v7e-m+fp/hard\libc_nano.a(lib_a-memset.o)
                0x00000000080086c8                memset
 .text._free_r  0x00000000080086d8       0xa0 e:/stm32/stm32cubeide_1.7.0/stm32cubeide/plugins/com.st.stm32cube.ide.mcu.externaltools.gnu-tools-for-stm32.9-2020-q2-update.win32_2.0.0.202105311346/tools/bin/../lib/gcc/arm-none-eabi/9.3.1/../../../../arm-none-eabi/lib/thumb/v7e-m+fp/hard\libc_nano.a(lib_a-nano-freer.o)
                0x00000000080086d8                _free_r
 .text._malloc_r
                0x0000000008008778       0xb4 e:/stm32/stm32cubeide_1.7.0/stm32cubeide/plugins/com.st.stm32cube.ide.mcu.externaltools.gnu-tools-for-stm32.9-2020-q2-update.win32_2.0.0.202105311346/tools/bin/../lib/gcc/arm-none-eabi/9.3.1/../../../../arm-none-eabi/lib/thumb/v7e-m+fp/hard\libc_nano.a(lib_a-nano-mallocr.o)
                0x0000000008008778                _malloc_r
 .text._sbrk_r  0x000000000800882c       0x20 e:/stm32/stm32cubeide_1.7.0/stm32cubeide/plugins/com.st.stm32cube.ide.mcu.externaltools.gnu-tools-for-stm32.9-2020-q2-update.win32_2.0.0.202105311346/tools/bin/../lib/gcc/arm-none-eabi/9.3.1/../../../../arm-none-eabi/lib/thumb/v7e-m+fp/hard\libc_nano.a(lib_a-sbrkr.o)
                0x000000000800882c                _sbrk_r
 .text.sprintf  0x000000000800884c       0x40 e:/stm32/stm32cubeide_1.7.0/stm32cubeide/plugins/com.st.stm32cube.ide.mcu.externaltools.gnu-tools-for-stm32.9-2020-q2-update.win32_2.0.0.202105311346/tools/bin/../lib/gcc/arm-none-eabi/9.3.1/../../../../arm-none-eabi/lib/thumb/v7e-m+fp/hard\libc_nano.a(lib_a-sprintf.o)
                0x000000000800884c                siprintf
                0x000000000800884c                sprintf
 .text._strtol_l.isra.0
                0x000000000800888c      0x108 e:/stm32/stm32cubeide_1.7.0/stm32cubeide/plugins/com.st.stm32cube.ide.mcu.externaltools.gnu-tools-for-stm32.9-2020-q2-update.win32_2.0.0.202105311346/tools/bin/../lib/gcc/arm-none-eabi/9.3.1/../../../../arm-none-eabi/lib/thumb/v7e-m+fp/hard\libc_nano.a(lib_a-strtol.o)
 .text.strtol   0x0000000008008994       0x14 e:/stm32/stm32cubeide_1.7.0/stm32cubeide/plugins/com.st.stm32cube.ide.mcu.externaltools.gnu-tools-for-stm32.9-2020-q2-update.win32_2.0.0.202105311346/tools/bin/../lib/gcc/arm-none-eabi/9.3.1/../../../../arm-none-eabi/lib/thumb/v7e-m+fp/hard\libc_nano.a(lib_a-strtol.o)
                0x0000000008008994                strtol
 .text.__malloc_lock
                0x00000000080089a8        0xc e:/stm32/stm32cubeide_1.7.0/stm32cubeide/plugins/com.st.stm32cube.ide.mcu.externaltools.gnu-tools-for-stm32.9-2020-q2-update.win32_2.0.0.202105311346/tools/bin/../lib/gcc/arm-none-eabi/9.3.1/../../../../arm-none-eabi/lib/thumb/v7e-m+fp/hard\libc_nano.a(lib_a-mlock.o)
                0x00000000080089a8                __malloc_lock
 .text.__malloc_unlock
                0x00000000080089b4        0xc e:/stm32/stm32cubeide_1.7.0/stm32cubeide/plugins/com.st.stm32cube.ide.mcu.externaltools.gnu-tools-for-stm32.9-2020-q2-update.win32_2.0.0.202105311346/tools/bin/../lib/gcc/arm-none-eabi/9.3.1/../../../../arm-none-eabi/lib/thumb/v7e-m+fp/hard\libc_nano.a(lib_a-mlock.o)
                0x00000000080089b4                __malloc_unlock
 .text.__ssputs_r
                0x00000000080089c0       0xb6 e:/stm32/stm32cubeide_1.7.0/stm32cubeide/plugins/com.st.stm32cube.ide.mcu.externaltools.gnu-tools-for-stm32.9-2020-q2-update.win32_2.0.0.202105311346/tools/bin/../lib/gcc/arm-none-eabi/9.3.1/../../../../arm-none-eabi/lib/thumb/v7e-m+fp/hard\libc_nano.a(lib_a-nano-svfprintf.o)
                0x00000000080089c0                __ssputs_r
 *fill*         0x0000000008008a76        0x2 
 .text._svfprintf_r
                0x0000000008008a78      0x200 e:/stm32/stm32cubeide_1.7.0/stm32cubeide/plugins/com.st.stm32cube.ide.mcu.externaltools.gnu-tools-for-stm32.9-2020-q2-update.win32_2.0.0.202105311346/tools/bin/../lib/gcc/arm-none-eabi/9.3.1/../../../../arm-none-eabi/lib/thumb/v7e-m+fp/hard\libc_nano.a(lib_a-nano-svfprintf.o)
                0x0000000008008a78                _svfiprintf_r
                0x0000000008008a78                _svfprintf_r
 .text._printf_common
                0x0000000008008c78       0xda e:/stm32/stm32cubeide_1.7.0/stm32cubeide/plugins/com.st.stm32cube.ide.mcu.externaltools.gnu-tools-for-stm32.9-2020-q2-update.win32_2.0.0.202105311346/tools/bin/../lib/gcc/arm-none-eabi/9.3.1/../../../../arm-none-eabi/lib/thumb/v7e-m+fp/hard\libc_nano.a(lib_a-nano-vfprintf_i.o)
                0x0000000008008c78                _printf_common
 *fill*         0x0000000008008d52        0x2 
 .text._printf_i
                0x0000000008008d54      0x24c e:/stm32/stm32cubeide_1.7.0/stm32cubeide/plugins/com.st.stm32cube.ide.mcu.externaltools.gnu-tools-for-stm32.9-2020-q2-update.win32_2.0.0.202105311346/tools/bin/../lib/gcc/arm-none-eabi/9.3.1/../../../../arm-none-eabi/lib/thumb/v7e-m+fp/hard\libc_nano.a(lib_a-nano-vfprintf_i.o)
                0x0000000008008d54                _printf_i
 .text.__retarget_lock_acquire_recursive
                0x0000000008008fa0        0x2 e:/stm32/stm32cubeide_1.7.0/stm32cubeide/plugins/com.st.stm32cube.ide.mcu.externaltools.gnu-tools-for-stm32.9-2020-q2-update.win32_2.0.0.202105311346/tools/bin/../lib/gcc/arm-none-eabi/9.3.1/../../../../arm-none-eabi/lib/thumb/v7e-m+fp/hard\libc_nano.a(lib_a-lock.o)
                0x0000000008008fa0                __retarget_lock_acquire_recursive
 .text.__retarget_lock_release_recursive
                0x0000000008008fa2        0x2 e:/stm32/stm32cubeide_1.7.0/stm32cubeide/plugins/com.st.stm32cube.ide.mcu.externaltools.gnu-tools-for-stm32.9-2020-q2-update.win32_2.0.0.202105311346/tools/bin/../lib/gcc/arm-none-eabi/9.3.1/../../../../arm-none-eabi/lib/thumb/v7e-m+fp/hard\libc_nano.a(lib_a-lock.o)
                0x0000000008008fa2                __retarget_lock_release_recursive
 .text.memcpy   0x0000000008008fa4       0x1c e:/stm32/stm32cubeide_1.7.0/stm32cubeide/plugins/com.st.stm32cube.ide.mcu.externaltools.gnu-tools-for-stm32.9-2020-q2-update.win32_2.0.0.202105311346/tools/bin/../lib/gcc/arm-none-eabi/9.3.1/../../../../arm-none-eabi/lib/thumb/v7e-m+fp/hard\libc_nano.a(lib_a-memcpy-stub.o)
                0x0000000008008fa4                memcpy
 .text.memmove  0x0000000008008fc0       0x34 e:/stm32/stm32cubeide_1.7.0/stm32cubeide/plugins/com.st.stm32cube.ide.mcu.externaltools.gnu-tools-for-stm32.9-2020-q2-update.win32_2.0.0.202105311346/tools/bin/../lib/gcc/arm-none-eabi/9.3.1/../../../../arm-none-eabi/lib/thumb/v7e-m+fp/hard\libc_nano.a(lib_a-memmove.o)
                0x0000000008008fc0                memmove
 .text._realloc_r
                0x0000000008008ff4       0x4c e:/stm32/stm32cubeide_1.7.0/stm32cubeide/plugins/com.st.stm32cube.ide.mcu.externaltools.gnu-tools-for-stm32.9-2020-q2-update.win32_2.0.0.202105311346/tools/bin/../lib/gcc/arm-none-eabi/9.3.1/../../../../arm-none-eabi/lib/thumb/v7e-m+fp/hard\libc_nano.a(lib_a-nano-reallocr.o)
                0x0000000008008ff4                _realloc_r
 .text._malloc_usable_size_r
                0x0000000008009040       0x10 e:/stm32/stm32cubeide_1.7.0/stm32cubeide/plugins/com.st.stm32cube.ide.mcu.externaltools.gnu-tools-for-stm32.9-2020-q2-update.win32_2.0.0.202105311346/tools/bin/../lib/gcc/arm-none-eabi/9.3.1/../../../../arm-none-eabi/lib/thumb/v7e-m+fp/hard\libc_nano.a(lib_a-nano-msizer.o)
                0x0000000008009040                _malloc_usable_size_r
 *(.glue_7)
 .glue_7        0x0000000008009050        0x0 linker stubs
 *(.glue_7t)
 .glue_7t       0x0000000008009050        0x0 linker stubs
 *(.eh_frame)
 .eh_frame      0x0000000008009050        0x0 e:/stm32/stm32cubeide_1.7.0/stm32cubeide/plugins/com.st.stm32cube.ide.mcu.externaltools.gnu-tools-for-stm32.9-2020-q2-update.win32_2.0.0.202105311346/tools/bin/../lib/gcc/arm-none-eabi/9.3.1/thumb/v7e-m+fp/hard/crtbegin.o
 *(.init)
 .init          0x0000000008009050        0x4 e:/stm32/stm32cubeide_1.7.0/stm32cubeide/plugins/com.st.stm32cube.ide.mcu.externaltools.gnu-tools-for-stm32.9-2020-q2-update.win32_2.0.0.202105311346/tools/bin/../lib/gcc/arm-none-eabi/9.3.1/thumb/v7e-m+fp/hard/crti.o
                0x0000000008009050                _init
 .init          0x0000000008009054        0x8 e:/stm32/stm32cubeide_1.7.0/stm32cubeide/plugins/com.st.stm32cube.ide.mcu.externaltools.gnu-tools-for-stm32.9-2020-q2-update.win32_2.0.0.202105311346/tools/bin/../lib/gcc/arm-none-eabi/9.3.1/thumb/v7e-m+fp/hard/crtn.o
 *(.fini)
 .fini          0x000000000800905c        0x4 e:/stm32/stm32cubeide_1.7.0/stm32cubeide/plugins/com.st.stm32cube.ide.mcu.externaltools.gnu-tools-for-stm32.9-2020-q2-update.win32_2.0.0.202105311346/tools/bin/../lib/gcc/arm-none-eabi/9.3.1/thumb/v7e-m+fp/hard/crti.o
                0x000000000800905c                _fini
 .fini          0x0000000008009060        0x8 e:/stm32/stm32cubeide_1.7.0/stm32cubeide/plugins/com.st.stm32cube.ide.mcu.externaltools.gnu-tools-for-stm32.9-2020-q2-update.win32_2.0.0.202105311346/tools/bin/../lib/gcc/arm-none-eabi/9.3.1/thumb/v7e-m+fp/hard/crtn.o
                0x0000000008009068                . = ALIGN (0x4)
                0x0000000008009068                _etext = .

.vfp11_veneer   0x0000000008009068        0x0
 .vfp11_veneer  0x0000000008009068        0x0 linker stubs

.v4_bx          0x0000000008009068        0x0
 .v4_bx         0x0000000008009068        0x0 linker stubs

.iplt           0x0000000008009068        0x0
 .iplt          0x0000000008009068        0x0 e:/stm32/stm32cubeide_1.7.0/stm32cubeide/plugins/com.st.stm32cube.ide.mcu.externaltools.gnu-tools-for-stm32.9-2020-q2-update.win32_2.0.0.202105311346/tools/bin/../lib/gcc/arm-none-eabi/9.3.1/thumb/v7e-m+fp/hard/crtbegin.o

.rodata         0x0000000008009068     0x3264
                0x0000000008009068                . = ALIGN (0x4)
 *(.rodata)
 .rodata        0x0000000008009068      0x163 ./Core/Src/clock.o
 *fill*         0x00000000080091cb        0x1 
 .rodata        0x00000000080091cc       0x12 ./Core/Src/main.o
 *fill*         0x00000000080091de        0x2 
 .rodata        0x00000000080091e0       0x1f ./Core/Src/uart .o
 *(.rodata*)
 *fill*         0x00000000080091ff        0x1 
 .rodata.ascii_1608
                0x0000000008009200      0x5f0 ./Core/Src/lcd.o
                0x0000000008009200                ascii_1608
 .rodata.ascii_2412
                0x00000000080097f0     0x11d0 ./Core/Src/lcd.o
                0x00000000080097f0                ascii_2412
 .rodata.ascii_3216
                0x000000000800a9c0     0x17c0 ./Core/Src/lcd.o
                0x000000000800a9c0                ascii_3216
 .rodata.AHBPrescTable
                0x000000000800c180       0x10 ./Core/Src/system_stm32f4xx.o
                0x000000000800c180                AHBPrescTable
 .rodata.APBPrescTable
                0x000000000800c190        0x8 ./Core/Src/system_stm32f4xx.o
                0x000000000800c190                APBPrescTable
 .rodata._ctype_
                0x000000000800c198      0x101 e:/stm32/stm32cubeide_1.7.0/stm32cubeide/plugins/com.st.stm32cube.ide.mcu.externaltools.gnu-tools-for-stm32.9-2020-q2-update.win32_2.0.0.202105311346/tools/bin/../lib/gcc/arm-none-eabi/9.3.1/../../../../arm-none-eabi/lib/thumb/v7e-m+fp/hard\libc_nano.a(lib_a-ctype_.o)
                0x000000000800c198                _ctype_
 .rodata._svfprintf_r.str1.1
                0x000000000800c299       0x11 e:/stm32/stm32cubeide_1.7.0/stm32cubeide/plugins/com.st.stm32cube.ide.mcu.externaltools.gnu-tools-for-stm32.9-2020-q2-update.win32_2.0.0.202105311346/tools/bin/../lib/gcc/arm-none-eabi/9.3.1/../../../../arm-none-eabi/lib/thumb/v7e-m+fp/hard\libc_nano.a(lib_a-nano-svfprintf.o)
 .rodata._printf_i.str1.1
                0x000000000800c2aa       0x22 e:/stm32/stm32cubeide_1.7.0/stm32cubeide/plugins/com.st.stm32cube.ide.mcu.externaltools.gnu-tools-for-stm32.9-2020-q2-update.win32_2.0.0.202105311346/tools/bin/../lib/gcc/arm-none-eabi/9.3.1/../../../../arm-none-eabi/lib/thumb/v7e-m+fp/hard\libc_nano.a(lib_a-nano-vfprintf_i.o)
                0x000000000800c2cc                . = ALIGN (0x4)

.ARM.extab      0x000000000800c2cc        0x0
                0x000000000800c2cc                . = ALIGN (0x4)
 *(.ARM.extab* .gnu.linkonce.armextab.*)
                0x000000000800c2cc                . = ALIGN (0x4)

.ARM            0x000000000800c2cc        0x8
                0x000000000800c2cc                . = ALIGN (0x4)
                0x000000000800c2cc                __exidx_start = .
 *(.ARM.exidx*)
 .ARM.exidx     0x000000000800c2cc        0x8 e:/stm32/stm32cubeide_1.7.0/stm32cubeide/plugins/com.st.stm32cube.ide.mcu.externaltools.gnu-tools-for-stm32.9-2020-q2-update.win32_2.0.0.202105311346/tools/bin/../lib/gcc/arm-none-eabi/9.3.1/thumb/v7e-m+fp/hard\libgcc.a(_udivmoddi4.o)
                0x000000000800c2d4                __exidx_end = .
                0x000000000800c2d4                . = ALIGN (0x4)

.rel.dyn        0x000000000800c2d4        0x0
 .rel.iplt      0x000000000800c2d4        0x0 e:/stm32/stm32cubeide_1.7.0/stm32cubeide/plugins/com.st.stm32cube.ide.mcu.externaltools.gnu-tools-for-stm32.9-2020-q2-update.win32_2.0.0.202105311346/tools/bin/../lib/gcc/arm-none-eabi/9.3.1/thumb/v7e-m+fp/hard/crtbegin.o

.preinit_array  0x000000000800c2d4        0x0
                0x000000000800c2d4                . = ALIGN (0x4)
                0x000000000800c2d4                PROVIDE (__preinit_array_start = .)
 *(.preinit_array*)
                0x000000000800c2d4                PROVIDE (__preinit_array_end = .)
                0x000000000800c2d4                . = ALIGN (0x4)

.init_array     0x000000000800c2d4        0x4
                0x000000000800c2d4                . = ALIGN (0x4)
                0x000000000800c2d4                PROVIDE (__init_array_start = .)
 *(SORT_BY_NAME(.init_array.*))
 *(.init_array*)
 .init_array    0x000000000800c2d4        0x4 e:/stm32/stm32cubeide_1.7.0/stm32cubeide/plugins/com.st.stm32cube.ide.mcu.externaltools.gnu-tools-for-stm32.9-2020-q2-update.win32_2.0.0.202105311346/tools/bin/../lib/gcc/arm-none-eabi/9.3.1/thumb/v7e-m+fp/hard/crtbegin.o
                0x000000000800c2d8                PROVIDE (__init_array_end = .)
                0x000000000800c2d8                . = ALIGN (0x4)

.fini_array     0x000000000800c2d8        0x4
                0x000000000800c2d8                . = ALIGN (0x4)
                [!provide]                        PROVIDE (__fini_array_start = .)
 *(SORT_BY_NAME(.fini_array.*))
 *(.fini_array*)
 .fini_array    0x000000000800c2d8        0x4 e:/stm32/stm32cubeide_1.7.0/stm32cubeide/plugins/com.st.stm32cube.ide.mcu.externaltools.gnu-tools-for-stm32.9-2020-q2-update.win32_2.0.0.202105311346/tools/bin/../lib/gcc/arm-none-eabi/9.3.1/thumb/v7e-m+fp/hard/crtbegin.o
                [!provide]                        PROVIDE (__fini_array_end = .)
                0x000000000800c2dc                . = ALIGN (0x4)
                0x000000000800c2dc                _sidata = LOADADDR (.data)

.data           0x0000000020000000       0x78 load address 0x000000000800c2dc
                0x0000000020000000                . = ALIGN (0x4)
                0x0000000020000000                _sdata = .
 *(.data)
 *(.data*)
 .data.led7seg  0x0000000020000000        0x4 ./Core/Src/led7seg.o
                0x0000000020000000                led7seg
 .data.spi_buffer
                0x0000000020000004        0x2 ./Core/Src/led7seg.o
                0x0000000020000004                spi_buffer
 *fill*         0x0000000020000006        0x2 
 .data.SystemCoreClock
                0x0000000020000008        0x4 ./Core/Src/system_stm32f4xx.o
                0x0000000020000008                SystemCoreClock
 .data.uwTickPrio
                0x000000002000000c        0x4 ./Drivers/STM32F4xx_HAL_Driver/Src/stm32f4xx_hal.o
                0x000000002000000c                uwTickPrio
 .data.uwTickFreq
                0x0000000020000010        0x1 ./Drivers/STM32F4xx_HAL_Driver/Src/stm32f4xx_hal.o
                0x0000000020000010                uwTickFreq
 *fill*         0x0000000020000011        0x3 
 .data._impure_ptr
                0x0000000020000014        0x4 e:/stm32/stm32cubeide_1.7.0/stm32cubeide/plugins/com.st.stm32cube.ide.mcu.externaltools.gnu-tools-for-stm32.9-2020-q2-update.win32_2.0.0.202105311346/tools/bin/../lib/gcc/arm-none-eabi/9.3.1/../../../../arm-none-eabi/lib/thumb/v7e-m+fp/hard\libc_nano.a(lib_a-impure.o)
                0x0000000020000014                _impure_ptr
 .data.impure_data
                0x0000000020000018       0x60 e:/stm32/stm32cubeide_1.7.0/stm32cubeide/plugins/com.st.stm32cube.ide.mcu.externaltools.gnu-tools-for-stm32.9-2020-q2-update.win32_2.0.0.202105311346/tools/bin/../lib/gcc/arm-none-eabi/9.3.1/../../../../arm-none-eabi/lib/thumb/v7e-m+fp/hard\libc_nano.a(lib_a-impure.o)
 *(.RamFunc)
 *(.RamFunc*)
                0x0000000020000078                . = ALIGN (0x4)
                0x0000000020000078                _edata = .
                0x000000000800c354                _siccmram = LOADADDR (.ccmram)

.igot.plt       0x0000000020000078        0x0 load address 0x000000000800c354
 .igot.plt      0x0000000020000078        0x0 e:/stm32/stm32cubeide_1.7.0/stm32cubeide/plugins/com.st.stm32cube.ide.mcu.externaltools.gnu-tools-for-stm32.9-2020-q2-update.win32_2.0.0.202105311346/tools/bin/../lib/gcc/arm-none-eabi/9.3.1/thumb/v7e-m+fp/hard/crtbegin.o

.ccmram         0x0000000010000000        0x0 load address 0x000000000800c354
                0x0000000010000000                . = ALIGN (0x4)
                0x0000000010000000                _sccmram = .
 *(.ccmram)
 *(.ccmram*)
                0x0000000010000000                . = ALIGN (0x4)
                0x0000000010000000                _eccmram = .
                0x0000000010000000                . = ALIGN (0x4)

.bss            0x0000000020000078      0x3a8
                0x0000000020000078                _sbss = .
                0x0000000020000078                __bss_start__ = _sbss
 *(.bss)
 .bss           0x0000000020000078       0x1c e:/stm32/stm32cubeide_1.7.0/stm32cubeide/plugins/com.st.stm32cube.ide.mcu.externaltools.gnu-tools-for-stm32.9-2020-q2-update.win32_2.0.0.202105311346/tools/bin/../lib/gcc/arm-none-eabi/9.3.1/thumb/v7e-m+fp/hard/crtbegin.o
 *(.bss*)
 .bss.spi_button
                0x0000000020000094        0x2 ./Core/Src/button.o
                0x0000000020000094                spi_button
 *fill*         0x0000000020000096        0x2 
 .bss.led7_index
                0x0000000020000098        0x4 ./Core/Src/led7seg.o
                0x0000000020000098                led7_index
 .bss.flag_timer2
                0x000000002000009c        0x2 ./Core/Src/software_timer.o
                0x000000002000009c                flag_timer2
 .bss.timer2_counter
                0x000000002000009e        0x2 ./Core/Src/software_timer.o
                0x000000002000009e                timer2_counter
 .bss.timer2_MUL
                0x00000000200000a0        0x2 ./Core/Src/software_timer.o
                0x00000000200000a0                timer2_MUL
 .bss.flagModify
                0x00000000200000a2        0x2 ./Core/Src/software_timer.o
                0x00000000200000a2                flagModify
 .bss.timerModify_counter
                0x00000000200000a4        0x2 ./Core/Src/software_timer.o
                0x00000000200000a4                timerModify_counter
 *fill*         0x00000000200000a6        0x2 
 .bss.FSMC_Initialized
                0x00000000200000a8        0x4 ./Core/Src/stm32f4xx_hal_msp.o
 .bss.__sbrk_heap_end
                0x00000000200000ac        0x4 ./Core/Src/sysmem.o
 .bss.rcv_chr   0x00000000200000b0        0x1 ./Core/Src/uart .o
                0x00000000200000b0                rcv_chr
 .bss.process_flag
                0x00000000200000b1        0x1 ./Core/Src/uart .o
                0x00000000200000b1                process_flag
 *fill*         0x00000000200000b2        0x2 
 .bss.__malloc_free_list
                0x00000000200000b4        0x4 e:/stm32/stm32cubeide_1.7.0/stm32cubeide/plugins/com.st.stm32cube.ide.mcu.externaltools.gnu-tools-for-stm32.9-2020-q2-update.win32_2.0.0.202105311346/tools/bin/../lib/gcc/arm-none-eabi/9.3.1/../../../../arm-none-eabi/lib/thumb/v7e-m+fp/hard\libc_nano.a(lib_a-nano-mallocr.o)
                0x00000000200000b4                __malloc_free_list
 .bss.__malloc_sbrk_start
                0x00000000200000b8        0x4 e:/stm32/stm32cubeide_1.7.0/stm32cubeide/plugins/com.st.stm32cube.ide.mcu.externaltools.gnu-tools-for-stm32.9-2020-q2-update.win32_2.0.0.202105311346/tools/bin/../lib/gcc/arm-none-eabi/9.3.1/../../../../arm-none-eabi/lib/thumb/v7e-m+fp/hard\libc_nano.a(lib_a-nano-mallocr.o)
                0x00000000200000b8                __malloc_sbrk_start
 *(COMMON)
 COMMON         0x00000000200000bc       0xd2 ./Core/Src/buffer.o
                0x00000000200000bc                start_char
                0x00000000200000c0                buffer
                0x0000000020000128                flush_data
                0x000000002000018c                flag_stop_msg
                0x000000002000018d                stop_char
 *fill*         0x000000002000018e        0x2 
 COMMON         0x0000000020000190       0x20 ./Core/Src/button.o
                0x0000000020000190                button_count
 COMMON         0x00000000200001b0       0x17 ./Core/Src/clock.o
                0x00000000200001b0                hours_alarm
                0x00000000200001b1                year_temp
                0x00000000200001b2                month_alarm
                0x00000000200001b3                clock_mode
                0x00000000200001b4                blink_mode
                0x00000000200001b5                alarm_mode
                0x00000000200001b6                counter_update
                0x00000000200001b7                update_time_mode
                0x00000000200001b8                month_temp
                0x00000000200001b9                set_time_mode
                0x00000000200001ba                hours_temp
                0x00000000200001bb                date_alarm
                0x00000000200001bc                min_alarm
                0x00000000200001bd                sec_temp
                0x00000000200001be                min_temp
                0x00000000200001bf                is_update_complete
                0x00000000200001c0                day_temp
                0x00000000200001c1                year_alarm
                0x00000000200001c2                sec_alarm
                0x00000000200001c3                day_alarm
                0x00000000200001c4                waiting_response
                0x00000000200001c5                date_temp
                0x00000000200001c6                timeout_update
 *fill*         0x00000000200001c7        0x1 
 COMMON         0x00000000200001c8        0xf ./Core/Src/ds3231.o
                0x00000000200001c8                ds3231_sec
                0x00000000200001c9                ds3231_year
                0x00000000200001ca                ds3231_min
                0x00000000200001cb                ds3231_date
                0x00000000200001cc                ds3231_day
                0x00000000200001cd                ds3231_hours
                0x00000000200001ce                ds3231_month
                0x00000000200001d0                ds3231_buffer
 *fill*         0x00000000200001d7        0x1 
 COMMON         0x00000000200001d8       0x3a ./Core/Src/lcd.o
                0x00000000200001d8                lcddev
                0x00000000200001e0                s
 *fill*         0x0000000020000212        0x2 
 COMMON         0x0000000020000214      0x188 ./Core/Src/main.o
                0x0000000020000214                hi2c1
                0x0000000020000268                hsram1
                0x00000000200002b8                huart1
                0x00000000200002fc                hspi1
                0x0000000020000354                htim2
 COMMON         0x000000002000039c        0xb ./Core/Src/software_timer.o
                0x000000002000039c                clock_counter
                0x000000002000039e                clock_total_tick
                0x00000000200003a0                clock_flag
                0x00000000200003a2                blinkLCD_counter
                0x00000000200003a4                blinkLCD_total_tick
                0x00000000200003a6                blinkLCD_flag
 *fill*         0x00000000200003a7        0x1 
 COMMON         0x00000000200003a8       0x64 ./Core/Src/uart .o
                0x00000000200003a8                msg
 COMMON         0x000000002000040c        0x4 ./Drivers/STM32F4xx_HAL_Driver/Src/stm32f4xx_hal.o
                0x000000002000040c                uwTick
 COMMON         0x0000000020000410        0x4 e:/stm32/stm32cubeide_1.7.0/stm32cubeide/plugins/com.st.stm32cube.ide.mcu.externaltools.gnu-tools-for-stm32.9-2020-q2-update.win32_2.0.0.202105311346/tools/bin/../lib/gcc/arm-none-eabi/9.3.1/../../../../arm-none-eabi/lib/thumb/v7e-m+fp/hard\libc_nano.a(lib_a-reent.o)
                0x0000000020000410                errno
 COMMON         0x0000000020000414        0x9 e:/stm32/stm32cubeide_1.7.0/stm32cubeide/plugins/com.st.stm32cube.ide.mcu.externaltools.gnu-tools-for-stm32.9-2020-q2-update.win32_2.0.0.202105311346/tools/bin/../lib/gcc/arm-none-eabi/9.3.1/../../../../arm-none-eabi/lib/thumb/v7e-m+fp/hard\libc_nano.a(lib_a-lock.o)
                0x0000000020000414                __lock___atexit_recursive_mutex
                0x0000000020000415                __lock___arc4random_mutex
                0x0000000020000416                __lock___env_recursive_mutex
                0x0000000020000417                __lock___sinit_recursive_mutex
                0x0000000020000418                __lock___malloc_recursive_mutex
                0x0000000020000419                __lock___at_quick_exit_mutex
                0x000000002000041a                __lock___dd_hash_mutex
                0x000000002000041b                __lock___tz_mutex
                0x000000002000041c                __lock___sfp_recursive_mutex
                0x0000000020000420                . = ALIGN (0x4)
 *fill*         0x000000002000041d        0x3 
                0x0000000020000420                _ebss = .
                0x0000000020000420                __bss_end__ = _ebss

._user_heap_stack
                0x0000000020000420      0x600
                0x0000000020000420                . = ALIGN (0x8)
                [!provide]                        PROVIDE (end = .)
                0x0000000020000420                PROVIDE (_end = .)
                0x0000000020000620                . = (. + _Min_Heap_Size)
 *fill*         0x0000000020000420      0x200 
                0x0000000020000a20                . = (. + _Min_Stack_Size)
 *fill*         0x0000000020000620      0x400 
                0x0000000020000a20                . = ALIGN (0x8)

/DISCARD/
 libc.a(*)
 libm.a(*)
 libgcc.a(*)

.ARM.attributes
                0x0000000000000000       0x30
 *(.ARM.attributes)
 .ARM.attributes
                0x0000000000000000       0x1e e:/stm32/stm32cubeide_1.7.0/stm32cubeide/plugins/com.st.stm32cube.ide.mcu.externaltools.gnu-tools-for-stm32.9-2020-q2-update.win32_2.0.0.202105311346/tools/bin/../lib/gcc/arm-none-eabi/9.3.1/thumb/v7e-m+fp/hard/crti.o
 .ARM.attributes
                0x000000000000001e       0x34 e:/stm32/stm32cubeide_1.7.0/stm32cubeide/plugins/com.st.stm32cube.ide.mcu.externaltools.gnu-tools-for-stm32.9-2020-q2-update.win32_2.0.0.202105311346/tools/bin/../lib/gcc/arm-none-eabi/9.3.1/thumb/v7e-m+fp/hard/crtbegin.o
 .ARM.attributes
                0x0000000000000052       0x34 ./Core/Src/buffer.o
 .ARM.attributes
                0x0000000000000086       0x34 ./Core/Src/button.o
 .ARM.attributes
                0x00000000000000ba       0x34 ./Core/Src/clock.o
 .ARM.attributes
                0x00000000000000ee       0x34 ./Core/Src/ds3231.o
 .ARM.attributes
                0x0000000000000122       0x34 ./Core/Src/lcd.o
 .ARM.attributes
                0x0000000000000156       0x34 ./Core/Src/led7seg.o
 .ARM.attributes
                0x000000000000018a       0x34 ./Core/Src/main.o
 .ARM.attributes
                0x00000000000001be       0x34 ./Core/Src/software_timer.o
 .ARM.attributes
                0x00000000000001f2       0x34 ./Core/Src/stm32f4xx_hal_msp.o
 .ARM.attributes
                0x0000000000000226       0x34 ./Core/Src/stm32f4xx_it.o
 .ARM.attributes
                0x000000000000025a       0x34 ./Core/Src/sysmem.o
 .ARM.attributes
                0x000000000000028e       0x34 ./Core/Src/system_stm32f4xx.o
 .ARM.attributes
                0x00000000000002c2       0x34 ./Core/Src/uart .o
 .ARM.attributes
                0x00000000000002f6       0x34 ./Core/Src/utils.o
 .ARM.attributes
                0x000000000000032a       0x21 ./Core/Startup/startup_stm32f407zgtx.o
 .ARM.attributes
                0x000000000000034b       0x34 ./Drivers/STM32F4xx_HAL_Driver/Src/stm32f4xx_hal.o
 .ARM.attributes
                0x000000000000037f       0x34 ./Drivers/STM32F4xx_HAL_Driver/Src/stm32f4xx_hal_cortex.o
 .ARM.attributes
                0x00000000000003b3       0x34 ./Drivers/STM32F4xx_HAL_Driver/Src/stm32f4xx_hal_dma.o
 .ARM.attributes
                0x00000000000003e7       0x34 ./Drivers/STM32F4xx_HAL_Driver/Src/stm32f4xx_hal_gpio.o
 .ARM.attributes
                0x000000000000041b       0x34 ./Drivers/STM32F4xx_HAL_Driver/Src/stm32f4xx_hal_i2c.o
 .ARM.attributes
                0x000000000000044f       0x34 ./Drivers/STM32F4xx_HAL_Driver/Src/stm32f4xx_hal_rcc.o
 .ARM.attributes
                0x0000000000000483       0x34 ./Drivers/STM32F4xx_HAL_Driver/Src/stm32f4xx_hal_spi.o
 .ARM.attributes
                0x00000000000004b7       0x34 ./Drivers/STM32F4xx_HAL_Driver/Src/stm32f4xx_hal_sram.o
 .ARM.attributes
                0x00000000000004eb       0x34 ./Drivers/STM32F4xx_HAL_Driver/Src/stm32f4xx_hal_tim.o
 .ARM.attributes
                0x000000000000051f       0x34 ./Drivers/STM32F4xx_HAL_Driver/Src/stm32f4xx_hal_tim_ex.o
 .ARM.attributes
                0x0000000000000553       0x34 ./Drivers/STM32F4xx_HAL_Driver/Src/stm32f4xx_hal_uart.o
 .ARM.attributes
                0x0000000000000587       0x34 ./Drivers/STM32F4xx_HAL_Driver/Src/stm32f4xx_ll_fsmc.o
 .ARM.attributes
                0x00000000000005bb       0x34 e:/stm32/stm32cubeide_1.7.0/stm32cubeide/plugins/com.st.stm32cube.ide.mcu.externaltools.gnu-tools-for-stm32.9-2020-q2-update.win32_2.0.0.202105311346/tools/bin/../lib/gcc/arm-none-eabi/9.3.1/../../../../arm-none-eabi/lib/thumb/v7e-m+fp/hard\libc_nano.a(lib_a-atoi.o)
 .ARM.attributes
                0x00000000000005ef       0x34 e:/stm32/stm32cubeide_1.7.0/stm32cubeide/plugins/com.st.stm32cube.ide.mcu.externaltools.gnu-tools-for-stm32.9-2020-q2-update.win32_2.0.0.202105311346/tools/bin/../lib/gcc/arm-none-eabi/9.3.1/../../../../arm-none-eabi/lib/thumb/v7e-m+fp/hard\libc_nano.a(lib_a-errno.o)
 .ARM.attributes
                0x0000000000000623       0x32 e:/stm32/stm32cubeide_1.7.0/stm32cubeide/plugins/com.st.stm32cube.ide.mcu.externaltools.gnu-tools-for-stm32.9-2020-q2-update.win32_2.0.0.202105311346/tools/bin/../lib/gcc/arm-none-eabi/9.3.1/../../../../arm-none-eabi/lib/thumb/v7e-m+fp/hard\libc_nano.a(lib_a-impure.o)
 .ARM.attributes
                0x0000000000000655       0x34 e:/stm32/stm32cubeide_1.7.0/stm32cubeide/plugins/com.st.stm32cube.ide.mcu.externaltools.gnu-tools-for-stm32.9-2020-q2-update.win32_2.0.0.202105311346/tools/bin/../lib/gcc/arm-none-eabi/9.3.1/../../../../arm-none-eabi/lib/thumb/v7e-m+fp/hard\libc_nano.a(lib_a-init.o)
 .ARM.attributes
                0x0000000000000689       0x34 e:/stm32/stm32cubeide_1.7.0/stm32cubeide/plugins/com.st.stm32cube.ide.mcu.externaltools.gnu-tools-for-stm32.9-2020-q2-update.win32_2.0.0.202105311346/tools/bin/../lib/gcc/arm-none-eabi/9.3.1/../../../../arm-none-eabi/lib/thumb/v7e-m+fp/hard\libc_nano.a(lib_a-malloc.o)
 .ARM.attributes
                0x00000000000006bd       0x34 e:/stm32/stm32cubeide_1.7.0/stm32cubeide/plugins/com.st.stm32cube.ide.mcu.externaltools.gnu-tools-for-stm32.9-2020-q2-update.win32_2.0.0.202105311346/tools/bin/../lib/gcc/arm-none-eabi/9.3.1/../../../../arm-none-eabi/lib/thumb/v7e-m+fp/hard\libc_nano.a(lib_a-memset.o)
 .ARM.attributes
                0x00000000000006f1       0x34 e:/stm32/stm32cubeide_1.7.0/stm32cubeide/plugins/com.st.stm32cube.ide.mcu.externaltools.gnu-tools-for-stm32.9-2020-q2-update.win32_2.0.0.202105311346/tools/bin/../lib/gcc/arm-none-eabi/9.3.1/../../../../arm-none-eabi/lib/thumb/v7e-m+fp/hard\libc_nano.a(lib_a-nano-freer.o)
 .ARM.attributes
                0x0000000000000725       0x34 e:/stm32/stm32cubeide_1.7.0/stm32cubeide/plugins/com.st.stm32cube.ide.mcu.externaltools.gnu-tools-for-stm32.9-2020-q2-update.win32_2.0.0.202105311346/tools/bin/../lib/gcc/arm-none-eabi/9.3.1/../../../../arm-none-eabi/lib/thumb/v7e-m+fp/hard\libc_nano.a(lib_a-nano-mallocr.o)
 .ARM.attributes
                0x0000000000000759       0x34 e:/stm32/stm32cubeide_1.7.0/stm32cubeide/plugins/com.st.stm32cube.ide.mcu.externaltools.gnu-tools-for-stm32.9-2020-q2-update.win32_2.0.0.202105311346/tools/bin/../lib/gcc/arm-none-eabi/9.3.1/../../../../arm-none-eabi/lib/thumb/v7e-m+fp/hard\libc_nano.a(lib_a-sbrkr.o)
 .ARM.attributes
                0x000000000000078d       0x34 e:/stm32/stm32cubeide_1.7.0/stm32cubeide/plugins/com.st.stm32cube.ide.mcu.externaltools.gnu-tools-for-stm32.9-2020-q2-update.win32_2.0.0.202105311346/tools/bin/../lib/gcc/arm-none-eabi/9.3.1/../../../../arm-none-eabi/lib/thumb/v7e-m+fp/hard\libc_nano.a(lib_a-sprintf.o)
 .ARM.attributes
                0x00000000000007c1       0x34 e:/stm32/stm32cubeide_1.7.0/stm32cubeide/plugins/com.st.stm32cube.ide.mcu.externaltools.gnu-tools-for-stm32.9-2020-q2-update.win32_2.0.0.202105311346/tools/bin/../lib/gcc/arm-none-eabi/9.3.1/../../../../arm-none-eabi/lib/thumb/v7e-m+fp/hard\libc_nano.a(lib_a-strtol.o)
 .ARM.attributes
                0x00000000000007f5       0x32 e:/stm32/stm32cubeide_1.7.0/stm32cubeide/plugins/com.st.stm32cube.ide.mcu.externaltools.gnu-tools-for-stm32.9-2020-q2-update.win32_2.0.0.202105311346/tools/bin/../lib/gcc/arm-none-eabi/9.3.1/../../../../arm-none-eabi/lib/thumb/v7e-m+fp/hard\libc_nano.a(lib_a-ctype_.o)
 .ARM.attributes
                0x0000000000000827       0x34 e:/stm32/stm32cubeide_1.7.0/stm32cubeide/plugins/com.st.stm32cube.ide.mcu.externaltools.gnu-tools-for-stm32.9-2020-q2-update.win32_2.0.0.202105311346/tools/bin/../lib/gcc/arm-none-eabi/9.3.1/../../../../arm-none-eabi/lib/thumb/v7e-m+fp/hard\libc_nano.a(lib_a-mlock.o)
 .ARM.attributes
                0x000000000000085b       0x34 e:/stm32/stm32cubeide_1.7.0/stm32cubeide/plugins/com.st.stm32cube.ide.mcu.externaltools.gnu-tools-for-stm32.9-2020-q2-update.win32_2.0.0.202105311346/tools/bin/../lib/gcc/arm-none-eabi/9.3.1/../../../../arm-none-eabi/lib/thumb/v7e-m+fp/hard\libc_nano.a(lib_a-nano-svfprintf.o)
 .ARM.attributes
                0x000000000000088f       0x34 e:/stm32/stm32cubeide_1.7.0/stm32cubeide/plugins/com.st.stm32cube.ide.mcu.externaltools.gnu-tools-for-stm32.9-2020-q2-update.win32_2.0.0.202105311346/tools/bin/../lib/gcc/arm-none-eabi/9.3.1/../../../../arm-none-eabi/lib/thumb/v7e-m+fp/hard\libc_nano.a(lib_a-nano-vfprintf_i.o)
 .ARM.attributes
                0x00000000000008c3       0x34 e:/stm32/stm32cubeide_1.7.0/stm32cubeide/plugins/com.st.stm32cube.ide.mcu.externaltools.gnu-tools-for-stm32.9-2020-q2-update.win32_2.0.0.202105311346/tools/bin/../lib/gcc/arm-none-eabi/9.3.1/../../../../arm-none-eabi/lib/thumb/v7e-m+fp/hard\libc_nano.a(lib_a-reent.o)
 .ARM.attributes
                0x00000000000008f7       0x34 e:/stm32/stm32cubeide_1.7.0/stm32cubeide/plugins/com.st.stm32cube.ide.mcu.externaltools.gnu-tools-for-stm32.9-2020-q2-update.win32_2.0.0.202105311346/tools/bin/../lib/gcc/arm-none-eabi/9.3.1/../../../../arm-none-eabi/lib/thumb/v7e-m+fp/hard\libc_nano.a(lib_a-lock.o)
 .ARM.attributes
                0x000000000000092b       0x1c e:/stm32/stm32cubeide_1.7.0/stm32cubeide/plugins/com.st.stm32cube.ide.mcu.externaltools.gnu-tools-for-stm32.9-2020-q2-update.win32_2.0.0.202105311346/tools/bin/../lib/gcc/arm-none-eabi/9.3.1/../../../../arm-none-eabi/lib/thumb/v7e-m+fp/hard\libc_nano.a(lib_a-memchr.o)
 .ARM.attributes
                0x0000000000000947       0x34 e:/stm32/stm32cubeide_1.7.0/stm32cubeide/plugins/com.st.stm32cube.ide.mcu.externaltools.gnu-tools-for-stm32.9-2020-q2-update.win32_2.0.0.202105311346/tools/bin/../lib/gcc/arm-none-eabi/9.3.1/../../../../arm-none-eabi/lib/thumb/v7e-m+fp/hard\libc_nano.a(lib_a-memcpy-stub.o)
 .ARM.attributes
                0x000000000000097b       0x34 e:/stm32/stm32cubeide_1.7.0/stm32cubeide/plugins/com.st.stm32cube.ide.mcu.externaltools.gnu-tools-for-stm32.9-2020-q2-update.win32_2.0.0.202105311346/tools/bin/../lib/gcc/arm-none-eabi/9.3.1/../../../../arm-none-eabi/lib/thumb/v7e-m+fp/hard\libc_nano.a(lib_a-memmove.o)
 .ARM.attributes
                0x00000000000009af       0x34 e:/stm32/stm32cubeide_1.7.0/stm32cubeide/plugins/com.st.stm32cube.ide.mcu.externaltools.gnu-tools-for-stm32.9-2020-q2-update.win32_2.0.0.202105311346/tools/bin/../lib/gcc/arm-none-eabi/9.3.1/../../../../arm-none-eabi/lib/thumb/v7e-m+fp/hard\libc_nano.a(lib_a-nano-reallocr.o)
 .ARM.attributes
                0x00000000000009e3       0x34 e:/stm32/stm32cubeide_1.7.0/stm32cubeide/plugins/com.st.stm32cube.ide.mcu.externaltools.gnu-tools-for-stm32.9-2020-q2-update.win32_2.0.0.202105311346/tools/bin/../lib/gcc/arm-none-eabi/9.3.1/../../../../arm-none-eabi/lib/thumb/v7e-m+fp/hard\libc_nano.a(lib_a-nano-msizer.o)
 .ARM.attributes
                0x0000000000000a17       0x1e e:/stm32/stm32cubeide_1.7.0/stm32cubeide/plugins/com.st.stm32cube.ide.mcu.externaltools.gnu-tools-for-stm32.9-2020-q2-update.win32_2.0.0.202105311346/tools/bin/../lib/gcc/arm-none-eabi/9.3.1/thumb/v7e-m+fp/hard\libgcc.a(_aeabi_uldivmod.o)
 .ARM.attributes
                0x0000000000000a35       0x34 e:/stm32/stm32cubeide_1.7.0/stm32cubeide/plugins/com.st.stm32cube.ide.mcu.externaltools.gnu-tools-for-stm32.9-2020-q2-update.win32_2.0.0.202105311346/tools/bin/../lib/gcc/arm-none-eabi/9.3.1/thumb/v7e-m+fp/hard\libgcc.a(_udivmoddi4.o)
 .ARM.attributes
                0x0000000000000a69       0x1e e:/stm32/stm32cubeide_1.7.0/stm32cubeide/plugins/com.st.stm32cube.ide.mcu.externaltools.gnu-tools-for-stm32.9-2020-q2-update.win32_2.0.0.202105311346/tools/bin/../lib/gcc/arm-none-eabi/9.3.1/thumb/v7e-m+fp/hard\libgcc.a(_dvmd_tls.o)
 .ARM.attributes
                0x0000000000000a87       0x1e e:/stm32/stm32cubeide_1.7.0/stm32cubeide/plugins/com.st.stm32cube.ide.mcu.externaltools.gnu-tools-for-stm32.9-2020-q2-update.win32_2.0.0.202105311346/tools/bin/../lib/gcc/arm-none-eabi/9.3.1/thumb/v7e-m+fp/hard/crtn.o
OUTPUT(lab5.elf elf32-littlearm)
LOAD linker stubs
LOAD e:/stm32/stm32cubeide_1.7.0/stm32cubeide/plugins/com.st.stm32cube.ide.mcu.externaltools.gnu-tools-for-stm32.9-2020-q2-update.win32_2.0.0.202105311346/tools/bin/../lib/gcc/arm-none-eabi/9.3.1/../../../../arm-none-eabi/lib/thumb/v7e-m+fp/hard\libc.a
LOAD e:/stm32/stm32cubeide_1.7.0/stm32cubeide/plugins/com.st.stm32cube.ide.mcu.externaltools.gnu-tools-for-stm32.9-2020-q2-update.win32_2.0.0.202105311346/tools/bin/../lib/gcc/arm-none-eabi/9.3.1/../../../../arm-none-eabi/lib/thumb/v7e-m+fp/hard\libm.a
LOAD e:/stm32/stm32cubeide_1.7.0/stm32cubeide/plugins/com.st.stm32cube.ide.mcu.externaltools.gnu-tools-for-stm32.9-2020-q2-update.win32_2.0.0.202105311346/tools/bin/../lib/gcc/arm-none-eabi/9.3.1/thumb/v7e-m+fp/hard\libgcc.a

.debug_info     0x0000000000000000    0x2259e
 .debug_info    0x0000000000000000      0xb96 ./Core/Src/buffer.o
 .debug_info    0x0000000000000b96     0x1260 ./Core/Src/button.o
 .debug_info    0x0000000000001df6     0x213f ./Core/Src/clock.o
 .debug_info    0x0000000000003f35     0x1267 ./Core/Src/ds3231.o
 .debug_info    0x000000000000519c     0x271a ./Core/Src/lcd.o
 .debug_info    0x00000000000078b6     0x12ed ./Core/Src/led7seg.o
 .debug_info    0x0000000000008ba3     0x2257 ./Core/Src/main.o
 .debug_info    0x000000000000adfa     0x12fb ./Core/Src/software_timer.o
 .debug_info    0x000000000000c0f5     0x1943 ./Core/Src/stm32f4xx_hal_msp.o
 .debug_info    0x000000000000da38     0x11c6 ./Core/Src/stm32f4xx_it.o
 .debug_info    0x000000000000ebfe      0xa25 ./Core/Src/sysmem.o
 .debug_info    0x000000000000f623      0x5a4 ./Core/Src/system_stm32f4xx.o
 .debug_info    0x000000000000fbc7     0x1b64 ./Core/Src/uart .o
 .debug_info    0x000000000001172b     0x1150 ./Core/Src/utils.o
 .debug_info    0x000000000001287b       0x22 ./Core/Startup/startup_stm32f407zgtx.o
 .debug_info    0x000000000001289d      0x9b2 ./Drivers/STM32F4xx_HAL_Driver/Src/stm32f4xx_hal.o
 .debug_info    0x000000000001324f      0xed7 ./Drivers/STM32F4xx_HAL_Driver/Src/stm32f4xx_hal_cortex.o
 .debug_info    0x0000000000014126      0x9f1 ./Drivers/STM32F4xx_HAL_Driver/Src/stm32f4xx_hal_dma.o
 .debug_info    0x0000000000014b17      0x83e ./Drivers/STM32F4xx_HAL_Driver/Src/stm32f4xx_hal_gpio.o
 .debug_info    0x0000000000015355     0x264d ./Drivers/STM32F4xx_HAL_Driver/Src/stm32f4xx_hal_i2c.o
 .debug_info    0x00000000000179a2      0x996 ./Drivers/STM32F4xx_HAL_Driver/Src/stm32f4xx_hal_rcc.o
 .debug_info    0x0000000000018338     0x17c0 ./Drivers/STM32F4xx_HAL_Driver/Src/stm32f4xx_hal_spi.o
 .debug_info    0x0000000000019af8      0xbab ./Drivers/STM32F4xx_HAL_Driver/Src/stm32f4xx_hal_sram.o
 .debug_info    0x000000000001a6a3     0x2c22 ./Drivers/STM32F4xx_HAL_Driver/Src/stm32f4xx_hal_tim.o
 .debug_info    0x000000000001d2c5     0x15a2 ./Drivers/STM32F4xx_HAL_Driver/Src/stm32f4xx_hal_tim_ex.o
 .debug_info    0x000000000001e867     0x31de ./Drivers/STM32F4xx_HAL_Driver/Src/stm32f4xx_hal_uart.o
 .debug_info    0x0000000000021a45      0xb59 ./Drivers/STM32F4xx_HAL_Driver/Src/stm32f4xx_ll_fsmc.o

.debug_abbrev   0x0000000000000000     0x3a59
 .debug_abbrev  0x0000000000000000      0x256 ./Core/Src/buffer.o
 .debug_abbrev  0x0000000000000256      0x1db ./Core/Src/button.o
 .debug_abbrev  0x0000000000000431      0x318 ./Core/Src/clock.o
 .debug_abbrev  0x0000000000000749      0x1cb ./Core/Src/ds3231.o
 .debug_abbrev  0x0000000000000914      0x3bd ./Core/Src/lcd.o
 .debug_abbrev  0x0000000000000cd1      0x1bc ./Core/Src/led7seg.o
 .debug_abbrev  0x0000000000000e8d      0x2dc ./Core/Src/main.o
 .debug_abbrev  0x0000000000001169      0x1ee ./Core/Src/software_timer.o
 .debug_abbrev  0x0000000000001357      0x238 ./Core/Src/stm32f4xx_hal_msp.o
 .debug_abbrev  0x000000000000158f      0x187 ./Core/Src/stm32f4xx_it.o
 .debug_abbrev  0x0000000000001716      0x1bf ./Core/Src/sysmem.o
 .debug_abbrev  0x00000000000018d5      0x145 ./Core/Src/system_stm32f4xx.o
 .debug_abbrev  0x0000000000001a1a      0x266 ./Core/Src/uart .o
 .debug_abbrev  0x0000000000001c80      0x19e ./Core/Src/utils.o
 .debug_abbrev  0x0000000000001e1e       0x12 ./Core/Startup/startup_stm32f407zgtx.o
 .debug_abbrev  0x0000000000001e30      0x1ed ./Drivers/STM32F4xx_HAL_Driver/Src/stm32f4xx_hal.o
 .debug_abbrev  0x000000000000201d      0x33c ./Drivers/STM32F4xx_HAL_Driver/Src/stm32f4xx_hal_cortex.o
 .debug_abbrev  0x0000000000002359      0x259 ./Drivers/STM32F4xx_HAL_Driver/Src/stm32f4xx_hal_dma.o
 .debug_abbrev  0x00000000000025b2      0x1f1 ./Drivers/STM32F4xx_HAL_Driver/Src/stm32f4xx_hal_gpio.o
 .debug_abbrev  0x00000000000027a3      0x282 ./Drivers/STM32F4xx_HAL_Driver/Src/stm32f4xx_hal_i2c.o
 .debug_abbrev  0x0000000000002a25      0x275 ./Drivers/STM32F4xx_HAL_Driver/Src/stm32f4xx_hal_rcc.o
 .debug_abbrev  0x0000000000002c9a      0x26e ./Drivers/STM32F4xx_HAL_Driver/Src/stm32f4xx_hal_spi.o
 .debug_abbrev  0x0000000000002f08      0x1f4 ./Drivers/STM32F4xx_HAL_Driver/Src/stm32f4xx_hal_sram.o
 .debug_abbrev  0x00000000000030fc      0x25e ./Drivers/STM32F4xx_HAL_Driver/Src/stm32f4xx_hal_tim.o
 .debug_abbrev  0x000000000000335a      0x266 ./Drivers/STM32F4xx_HAL_Driver/Src/stm32f4xx_hal_tim_ex.o
 .debug_abbrev  0x00000000000035c0      0x2eb ./Drivers/STM32F4xx_HAL_Driver/Src/stm32f4xx_hal_uart.o
 .debug_abbrev  0x00000000000038ab      0x1ae ./Drivers/STM32F4xx_HAL_Driver/Src/stm32f4xx_ll_fsmc.o

.debug_aranges  0x0000000000000000     0x1598
 .debug_aranges
                0x0000000000000000       0x70 ./Core/Src/buffer.o
 .debug_aranges
                0x0000000000000070       0x28 ./Core/Src/button.o
 .debug_aranges
                0x0000000000000098       0x98 ./Core/Src/clock.o
 .debug_aranges
                0x0000000000000130       0x30 ./Core/Src/ds3231.o
 .debug_aranges
                0x0000000000000160       0xe8 ./Core/Src/lcd.o
 .debug_aranges
                0x0000000000000248       0x48 ./Core/Src/led7seg.o
 .debug_aranges
                0x0000000000000290       0x68 ./Core/Src/main.o
 .debug_aranges
                0x00000000000002f8       0x68 ./Core/Src/software_timer.o
 .debug_aranges
                0x0000000000000360       0x80 ./Core/Src/stm32f4xx_hal_msp.o
 .debug_aranges
                0x00000000000003e0       0x70 ./Core/Src/stm32f4xx_it.o
 .debug_aranges
                0x0000000000000450       0x20 ./Core/Src/sysmem.o
 .debug_aranges
                0x0000000000000470       0x28 ./Core/Src/system_stm32f4xx.o
 .debug_aranges
                0x0000000000000498       0x48 ./Core/Src/uart .o
 .debug_aranges
                0x00000000000004e0       0x28 ./Core/Src/utils.o
 .debug_aranges
                0x0000000000000508       0x28 ./Core/Startup/startup_stm32f407zgtx.o
 .debug_aranges
                0x0000000000000530       0xf0 ./Drivers/STM32F4xx_HAL_Driver/Src/stm32f4xx_hal.o
 .debug_aranges
                0x0000000000000620      0x118 ./Drivers/STM32F4xx_HAL_Driver/Src/stm32f4xx_hal_cortex.o
 .debug_aranges
                0x0000000000000738       0x90 ./Drivers/STM32F4xx_HAL_Driver/Src/stm32f4xx_hal_dma.o
 .debug_aranges
                0x00000000000007c8       0x58 ./Drivers/STM32F4xx_HAL_Driver/Src/stm32f4xx_hal_gpio.o
 .debug_aranges
                0x0000000000000820      0x2a0 ./Drivers/STM32F4xx_HAL_Driver/Src/stm32f4xx_hal_i2c.o
 .debug_aranges
                0x0000000000000ac0       0x88 ./Drivers/STM32F4xx_HAL_Driver/Src/stm32f4xx_hal_rcc.o
 .debug_aranges
                0x0000000000000b48      0x1d0 ./Drivers/STM32F4xx_HAL_Driver/Src/stm32f4xx_hal_spi.o
 .debug_aranges
                0x0000000000000d18       0xa0 ./Drivers/STM32F4xx_HAL_Driver/Src/stm32f4xx_hal_sram.o
 .debug_aranges
                0x0000000000000db8      0x3d0 ./Drivers/STM32F4xx_HAL_Driver/Src/stm32f4xx_hal_tim.o
 .debug_aranges
                0x0000000000001188      0x168 ./Drivers/STM32F4xx_HAL_Driver/Src/stm32f4xx_hal_tim_ex.o
 .debug_aranges
                0x00000000000012f0      0x200 ./Drivers/STM32F4xx_HAL_Driver/Src/stm32f4xx_hal_uart.o
 .debug_aranges
                0x00000000000014f0       0xa8 ./Drivers/STM32F4xx_HAL_Driver/Src/stm32f4xx_ll_fsmc.o

.debug_ranges   0x0000000000000000     0x1448
 .debug_ranges  0x0000000000000000       0x60 ./Core/Src/buffer.o
 .debug_ranges  0x0000000000000060       0x18 ./Core/Src/button.o
 .debug_ranges  0x0000000000000078       0x88 ./Core/Src/clock.o
 .debug_ranges  0x0000000000000100       0x20 ./Core/Src/ds3231.o
 .debug_ranges  0x0000000000000120       0xd8 ./Core/Src/lcd.o
 .debug_ranges  0x00000000000001f8       0x38 ./Core/Src/led7seg.o
 .debug_ranges  0x0000000000000230       0x58 ./Core/Src/main.o
 .debug_ranges  0x0000000000000288       0x58 ./Core/Src/software_timer.o
 .debug_ranges  0x00000000000002e0       0x70 ./Core/Src/stm32f4xx_hal_msp.o
 .debug_ranges  0x0000000000000350       0x60 ./Core/Src/stm32f4xx_it.o
 .debug_ranges  0x00000000000003b0       0x10 ./Core/Src/sysmem.o
 .debug_ranges  0x00000000000003c0       0x18 ./Core/Src/system_stm32f4xx.o
 .debug_ranges  0x00000000000003d8       0x38 ./Core/Src/uart .o
 .debug_ranges  0x0000000000000410       0x18 ./Core/Src/utils.o
 .debug_ranges  0x0000000000000428       0x20 ./Core/Startup/startup_stm32f407zgtx.o
 .debug_ranges  0x0000000000000448       0xe0 ./Drivers/STM32F4xx_HAL_Driver/Src/stm32f4xx_hal.o
 .debug_ranges  0x0000000000000528      0x108 ./Drivers/STM32F4xx_HAL_Driver/Src/stm32f4xx_hal_cortex.o
 .debug_ranges  0x0000000000000630       0x80 ./Drivers/STM32F4xx_HAL_Driver/Src/stm32f4xx_hal_dma.o
 .debug_ranges  0x00000000000006b0       0x48 ./Drivers/STM32F4xx_HAL_Driver/Src/stm32f4xx_hal_gpio.o
 .debug_ranges  0x00000000000006f8      0x2b8 ./Drivers/STM32F4xx_HAL_Driver/Src/stm32f4xx_hal_i2c.o
 .debug_ranges  0x00000000000009b0       0x78 ./Drivers/STM32F4xx_HAL_Driver/Src/stm32f4xx_hal_rcc.o
 .debug_ranges  0x0000000000000a28      0x1c0 ./Drivers/STM32F4xx_HAL_Driver/Src/stm32f4xx_hal_spi.o
 .debug_ranges  0x0000000000000be8       0x90 ./Drivers/STM32F4xx_HAL_Driver/Src/stm32f4xx_hal_sram.o
 .debug_ranges  0x0000000000000c78      0x3c0 ./Drivers/STM32F4xx_HAL_Driver/Src/stm32f4xx_hal_tim.o
 .debug_ranges  0x0000000000001038      0x158 ./Drivers/STM32F4xx_HAL_Driver/Src/stm32f4xx_hal_tim_ex.o
 .debug_ranges  0x0000000000001190      0x220 ./Drivers/STM32F4xx_HAL_Driver/Src/stm32f4xx_hal_uart.o
 .debug_ranges  0x00000000000013b0       0x98 ./Drivers/STM32F4xx_HAL_Driver/Src/stm32f4xx_ll_fsmc.o

.debug_macro    0x0000000000000000    0x24a83
 .debug_macro   0x0000000000000000      0x1ae ./Core/Src/buffer.o
 .debug_macro   0x00000000000001ae      0xaa8 ./Core/Src/buffer.o
 .debug_macro   0x0000000000000c56       0x22 ./Core/Src/buffer.o
 .debug_macro   0x0000000000000c78       0x4c ./Core/Src/buffer.o
 .debug_macro   0x0000000000000cc4       0x18 ./Core/Src/buffer.o
 .debug_macro   0x0000000000000cdc       0x94 ./Core/Src/buffer.o
 .debug_macro   0x0000000000000d70       0x3c ./Core/Src/buffer.o
 .debug_macro   0x0000000000000dac       0x34 ./Core/Src/buffer.o
 .debug_macro   0x0000000000000de0       0x16 ./Core/Src/buffer.o
 .debug_macro   0x0000000000000df6       0x57 ./Core/Src/buffer.o
 .debug_macro   0x0000000000000e4d       0x97 ./Core/Src/buffer.o
 .debug_macro   0x0000000000000ee4      0x339 ./Core/Src/buffer.o
 .debug_macro   0x000000000000121d       0xfd ./Core/Src/buffer.o
 .debug_macro   0x000000000000131a       0x10 ./Core/Src/buffer.o
 .debug_macro   0x000000000000132a       0x16 ./Core/Src/buffer.o
 .debug_macro   0x0000000000001340       0x43 ./Core/Src/buffer.o
 .debug_macro   0x0000000000001383       0x34 ./Core/Src/buffer.o
 .debug_macro   0x00000000000013b7       0x10 ./Core/Src/buffer.o
 .debug_macro   0x00000000000013c7       0x58 ./Core/Src/buffer.o