lcd.h:75:20:LCD_WR_DATA	16	static
lcd.h:76:24:LCD_RD_DATA	16	static
lcd.c:15:6:LCD_WR_REG	16	static
lcd.c:21:6:lcd_AddressSet	24	static
lcd.c:37:6:lcd_SetCursor	16	static
lcd.c:47:6:lcd_DisplayOn	8	static
lcd.c:52:6:lcd_DisplayOff	8	static
lcd.c:57:10:lcd_ReadPoint	24	static
lcd.c:71:6:lcd_Clear	24	static
lcd.c:88:6:lcd_Fill	32	static
lcd.c:101:6:lcd_DrawPoint	16	static
lcd.c:107:6:lcd_DrawLine	64	static
lcd.c:159:6:lcd_DrawRectangle	32	static
lcd.c:167:6:lcd_ShowChar	40	static
lcd.c:211:10:mypow	24	static
lcd.c:218:6:lcd_ShowIntNum	48	static
lcd.c:240:6:lcd_ShowFloatNum1	56	static
lcd.c:259:6:lcd_ShowPicture	40	static
lcd.c:278:6:lcd_SetDir	16	static
lcd.c:292:6:lcd_init	8	static
lcd.c:403:6:_draw_circle_8	24	static
lcd.c:422:6:lcd_DrawCircle	48	static
lcd.c:458:6:lcd_ShowStr	56	static
lcd.c:487:6:lcd_StrCenter	48	static
lcd.c:493:6:DrawTestPage	32	static
lcd.c:503:6:lcd_Display	16	static
